Archive member included to satisfy reference by file (symbol)

c:/st/stm32cubeide_1.0.2/stm32cubeide/plugins/com.st.stm32cube.ide.mcu.externaltools.gnu-tools-for-stm32.7-2018-q2-update.win32_1.0.0.201904181610/tools/bin/../lib/gcc/arm-none-eabi/7.3.1/../../../../arm-none-eabi/lib/thumb/v7e-m/fpv4-sp/hard\libc_nano.a(lib_a-atoi.o)
                              note-c/n_helpers.o (atoi)
c:/st/stm32cubeide_1.0.2/stm32cubeide/plugins/com.st.stm32cube.ide.mcu.externaltools.gnu-tools-for-stm32.7-2018-q2-update.win32_1.0.0.201904181610/tools/bin/../lib/gcc/arm-none-eabi/7.3.1/../../../../arm-none-eabi/lib/thumb/v7e-m/fpv4-sp/hard\libc_nano.a(lib_a-errno.o)
                              Src/syscalls.o (__errno)
c:/st/stm32cubeide_1.0.2/stm32cubeide/plugins/com.st.stm32cube.ide.mcu.externaltools.gnu-tools-for-stm32.7-2018-q2-update.win32_1.0.0.201904181610/tools/bin/../lib/gcc/arm-none-eabi/7.3.1/../../../../arm-none-eabi/lib/thumb/v7e-m/fpv4-sp/hard\libc_nano.a(lib_a-exit.o)
                              c:/st/stm32cubeide_1.0.2/stm32cubeide/plugins/com.st.stm32cube.ide.mcu.externaltools.gnu-tools-for-stm32.7-2018-q2-update.win32_1.0.0.201904181610/tools/bin/../lib/gcc/arm-none-eabi/7.3.1/../../../../arm-none-eabi/lib/thumb/v7e-m/fpv4-sp/hard/crt0.o (exit)
c:/st/stm32cubeide_1.0.2/stm32cubeide/plugins/com.st.stm32cube.ide.mcu.externaltools.gnu-tools-for-stm32.7-2018-q2-update.win32_1.0.0.201904181610/tools/bin/../lib/gcc/arm-none-eabi/7.3.1/../../../../arm-none-eabi/lib/thumb/v7e-m/fpv4-sp/hard\libc_nano.a(lib_a-impure.o)
                              c:/st/stm32cubeide_1.0.2/stm32cubeide/plugins/com.st.stm32cube.ide.mcu.externaltools.gnu-tools-for-stm32.7-2018-q2-update.win32_1.0.0.201904181610/tools/bin/../lib/gcc/arm-none-eabi/7.3.1/../../../../arm-none-eabi/lib/thumb/v7e-m/fpv4-sp/hard\libc_nano.a(lib_a-exit.o) (_global_impure_ptr)
c:/st/stm32cubeide_1.0.2/stm32cubeide/plugins/com.st.stm32cube.ide.mcu.externaltools.gnu-tools-for-stm32.7-2018-q2-update.win32_1.0.0.201904181610/tools/bin/../lib/gcc/arm-none-eabi/7.3.1/../../../../arm-none-eabi/lib/thumb/v7e-m/fpv4-sp/hard\libc_nano.a(lib_a-init.o)
                              c:/st/stm32cubeide_1.0.2/stm32cubeide/plugins/com.st.stm32cube.ide.mcu.externaltools.gnu-tools-for-stm32.7-2018-q2-update.win32_1.0.0.201904181610/tools/bin/../lib/gcc/arm-none-eabi/7.3.1/../../../../arm-none-eabi/lib/thumb/v7e-m/fpv4-sp/hard/crt0.o (__libc_init_array)
c:/st/stm32cubeide_1.0.2/stm32cubeide/plugins/com.st.stm32cube.ide.mcu.externaltools.gnu-tools-for-stm32.7-2018-q2-update.win32_1.0.0.201904181610/tools/bin/../lib/gcc/arm-none-eabi/7.3.1/../../../../arm-none-eabi/lib/thumb/v7e-m/fpv4-sp/hard\libc_nano.a(lib_a-locale.o)
                              note-c/n_cjson.o (__locale_ctype_ptr)
c:/st/stm32cubeide_1.0.2/stm32cubeide/plugins/com.st.stm32cube.ide.mcu.externaltools.gnu-tools-for-stm32.7-2018-q2-update.win32_1.0.0.201904181610/tools/bin/../lib/gcc/arm-none-eabi/7.3.1/../../../../arm-none-eabi/lib/thumb/v7e-m/fpv4-sp/hard\libc_nano.a(lib_a-malloc.o)
                              Src/main.o (malloc)
c:/st/stm32cubeide_1.0.2/stm32cubeide/plugins/com.st.stm32cube.ide.mcu.externaltools.gnu-tools-for-stm32.7-2018-q2-update.win32_1.0.0.201904181610/tools/bin/../lib/gcc/arm-none-eabi/7.3.1/../../../../arm-none-eabi/lib/thumb/v7e-m/fpv4-sp/hard\libc_nano.a(lib_a-mbtowc_r.o)
                              c:/st/stm32cubeide_1.0.2/stm32cubeide/plugins/com.st.stm32cube.ide.mcu.externaltools.gnu-tools-for-stm32.7-2018-q2-update.win32_1.0.0.201904181610/tools/bin/../lib/gcc/arm-none-eabi/7.3.1/../../../../arm-none-eabi/lib/thumb/v7e-m/fpv4-sp/hard\libc_nano.a(lib_a-locale.o) (__ascii_mbtowc)
c:/st/stm32cubeide_1.0.2/stm32cubeide/plugins/com.st.stm32cube.ide.mcu.externaltools.gnu-tools-for-stm32.7-2018-q2-update.win32_1.0.0.201904181610/tools/bin/../lib/gcc/arm-none-eabi/7.3.1/../../../../arm-none-eabi/lib/thumb/v7e-m/fpv4-sp/hard\libc_nano.a(lib_a-memcmp.o)
                              note-c/n_helpers.o (memcmp)
c:/st/stm32cubeide_1.0.2/stm32cubeide/plugins/com.st.stm32cube.ide.mcu.externaltools.gnu-tools-for-stm32.7-2018-q2-update.win32_1.0.0.201904181610/tools/bin/../lib/gcc/arm-none-eabi/7.3.1/../../../../arm-none-eabi/lib/thumb/v7e-m/fpv4-sp/hard\libc_nano.a(lib_a-memcpy-stub.o)
                              Src/main.o (memcpy)
c:/st/stm32cubeide_1.0.2/stm32cubeide/plugins/com.st.stm32cube.ide.mcu.externaltools.gnu-tools-for-stm32.7-2018-q2-update.win32_1.0.0.201904181610/tools/bin/../lib/gcc/arm-none-eabi/7.3.1/../../../../arm-none-eabi/lib/thumb/v7e-m/fpv4-sp/hard\libc_nano.a(lib_a-memmove.o)
                              note-c/n_request.o (memmove)
c:/st/stm32cubeide_1.0.2/stm32cubeide/plugins/com.st.stm32cube.ide.mcu.externaltools.gnu-tools-for-stm32.7-2018-q2-update.win32_1.0.0.201904181610/tools/bin/../lib/gcc/arm-none-eabi/7.3.1/../../../../arm-none-eabi/lib/thumb/v7e-m/fpv4-sp/hard\libc_nano.a(lib_a-memset.o)
[...]
Memory Configuration

Name             Origin             Length             Attributes
RAM              0x0000000020000000 0x0000000000010000 xrw
FLASH            0x0000000008000000 0x0000000000040000 xr
*default*        0x0000000000000000 0xffffffffffffffff

Linker script and memory map

LOAD c:/st/stm32cubeide_1.0.2/stm32cubeide/plugins/com.st.stm32cube.ide.mcu.externaltools.gnu-tools-for-stm32.7-2018-q2-update.win32_1.0.0.201904181610/tools/bin/../lib/gcc/arm-none-eabi/7.3.1/thumb/v7e-m/fpv4-sp/hard/crti.o
LOAD c:/st/stm32cubeide_1.0.2/stm32cubeide/plugins/com.st.stm32cube.ide.mcu.externaltools.gnu-tools-for-stm32.7-2018-q2-update.win32_1.0.0.201904181610/tools/bin/../lib/gcc/arm-none-eabi/7.3.1/thumb/v7e-m/fpv4-sp/hard/crtbegin.o
LOAD c:/st/stm32cubeide_1.0.2/stm32cubeide/plugins/com.st.stm32cube.ide.mcu.externaltools.gnu-tools-for-stm32.7-2018-q2-update.win32_1.0.0.201904181610/tools/bin/../lib/gcc/arm-none-eabi/7.3.1/../../../../arm-none-eabi/lib/thumb/v7e-m/fpv4-sp/hard/crt0.o
LOAD Drivers/STM32L4xx_HAL_Driver/Src/stm32l4xx_hal.o
LOAD Drivers/STM32L4xx_HAL_Driver/Src/stm32l4xx_hal_cortex.o
LOAD Drivers/STM32L4xx_HAL_Driver/Src/stm32l4xx_hal_dma.o
LOAD Drivers/STM32L4xx_HAL_Driver/Src/stm32l4xx_hal_dma_ex.o
LOAD Drivers/STM32L4xx_HAL_Driver/Src/stm32l4xx_hal_exti.o
LOAD Drivers/STM32L4xx_HAL_Driver/Src/stm32l4xx_hal_flash.o
LOAD Drivers/STM32L4xx_HAL_Driver/Src/stm32l4xx_hal_flash_ex.o
LOAD Drivers/STM32L4xx_HAL_Driver/Src/stm32l4xx_hal_flash_ramfunc.o
LOAD Drivers/STM32L4xx_HAL_Driver/Src/stm32l4xx_hal_gpio.o
LOAD Drivers/STM32L4xx_HAL_Driver/Src/stm32l4xx_hal_i2c.o
LOAD Drivers/STM32L4xx_HAL_Driver/Src/stm32l4xx_hal_i2c_ex.o
LOAD Drivers/STM32L4xx_HAL_Driver/Src/stm32l4xx_hal_lptim.o
LOAD Drivers/STM32L4xx_HAL_Driver/Src/stm32l4xx_hal_pwr.o
LOAD Drivers/STM32L4xx_HAL_Driver/Src/stm32l4xx_hal_pwr_ex.o
LOAD Drivers/STM32L4xx_HAL_Driver/Src/stm32l4xx_hal_rcc.o
LOAD Drivers/STM32L4xx_HAL_Driver/Src/stm32l4xx_hal_rcc_ex.o
LOAD Drivers/STM32L4xx_HAL_Driver/Src/stm32l4xx_hal_tim.o
LOAD Drivers/STM32L4xx_HAL_Driver/Src/stm32l4xx_hal_tim_ex.o
LOAD Drivers/STM32L4xx_HAL_Driver/Src/stm32l4xx_hal_uart.o
LOAD Drivers/STM32L4xx_HAL_Driver/Src/stm32l4xx_hal_uart_ex.o
LOAD Drivers/STM32L4xx_HAL_Driver/Src/stm32l4xx_ll_pwr.o
LOAD Src/event.o
LOAD Src/example.o
LOAD Src/main.o
LOAD Src/stm32l4xx_hal_msp.o
LOAD Src/stm32l4xx_it.o
LOAD Src/syscalls.o
LOAD Src/sysmem.o
LOAD Src/system_stm32l4xx.o
LOAD Startup/startup_stm32l432kcux.o
LOAD note-c/n_atof.o
LOAD note-c/n_b64.o
LOAD note-c/n_cjson.o
LOAD note-c/n_cjson_helpers.o
LOAD note-c/n_ftoa.o
LOAD note-c/n_helpers.o
LOAD note-c/n_hooks.o
LOAD note-c/n_i2c.o
LOAD note-c/n_request.o
LOAD note-c/n_serial.o
LOAD note-c/n_str.o
START GROUP
LOAD c:/st/stm32cubeide_1.0.2/stm32cubeide/plugins/com.st.stm32cube.ide.mcu.externaltools.gnu-tools-for-stm32.7-2018-q2-update.win32_1.0.0.201904181610/tools/bin/../lib/gcc/arm-none-eabi/7.3.1/../../../../arm-none-eabi/lib/thumb/v7e-m/fpv4-sp/hard\libc_nano.a
LOAD c:/st/stm32cubeide_1.0.2/stm32cubeide/plugins/com.st.stm32cube.ide.mcu.externaltools.gnu-tools-for-stm32.7-2018-q2-update.win32_1.0.0.201904181610/tools/bin/../lib/gcc/arm-none-eabi/7.3.1/../../../../arm-none-eabi/lib/thumb/v7e-m/fpv4-sp/hard\libm.a
END GROUP
START GROUP
LOAD c:/st/stm32cubeide_1.0.2/stm32cubeide/plugins/com.st.stm32cube.ide.mcu.externaltools.gnu-tools-for-stm32.7-2018-q2-update.win32_1.0.0.201904181610/tools/bin/../lib/gcc/arm-none-eabi/7.3.1/thumb/v7e-m/fpv4-sp/hard\libgcc.a
LOAD c:/st/stm32cubeide_1.0.2/stm32cubeide/plugins/com.st.stm32cube.ide.mcu.externaltools.gnu-tools-for-stm32.7-2018-q2-update.win32_1.0.0.201904181610/tools/bin/../lib/gcc/arm-none-eabi/7.3.1/../../../../arm-none-eabi/lib/thumb/v7e-m/fpv4-sp/hard\libc_nano.a
END GROUP
START GROUP
LOAD c:/st/stm32cubeide_1.0.2/stm32cubeide/plugins/com.st.stm32cube.ide.mcu.externaltools.gnu-tools-for-stm32.7-2018-q2-update.win32_1.0.0.201904181610/tools/bin/../lib/gcc/arm-none-eabi/7.3.1/thumb/v7e-m/fpv4-sp/hard\libgcc.a
LOAD c:/st/stm32cubeide_1.0.2/stm32cubeide/plugins/com.st.stm32cube.ide.mcu.externaltools.gnu-tools-for-stm32.7-2018-q2-update.win32_1.0.0.201904181610/tools/bin/../lib/gcc/arm-none-eabi/7.3.1/../../../../arm-none-eabi/lib/thumb/v7e-m/fpv4-sp/hard\libc_nano.a
LOAD c:/st/stm32cubeide_1.0.2/stm32cubeide/plugins/com.st.stm32cube.ide.mcu.externaltools.gnu-tools-for-stm32.7-2018-q2-update.win32_1.0.0.201904181610/tools/bin/../lib/gcc/arm-none-eabi/7.3.1/../../../../arm-none-eabi/lib/thumb/v7e-m/fpv4-sp/hard\libnosys.a
END GROUP
START GROUP
LOAD c:/st/stm32cubeide_1.0.2/stm32cubeide/plugins/com.st.stm32cube.ide.mcu.externaltools.gnu-tools-for-stm32.7-2018-q2-update.win32_1.0.0.201904181610/tools/bin/../lib/gcc/arm-none-eabi/7.3.1/thumb/v7e-m/fpv4-sp/hard\libgcc.a
LOAD c:/st/stm32cubeide_1.0.2/stm32cubeide/plugins/com.st.stm32cube.ide.mcu.externaltools.gnu-tools-for-stm32.7-2018-q2-update.win32_1.0.0.201904181610/tools/bin/../lib/gcc/arm-none-eabi/7.3.1/../../../../arm-none-eabi/lib/thumb/v7e-m/fpv4-sp/hard\libc_nano.a
LOAD c:/st/stm32cubeide_1.0.2/stm32cubeide/plugins/com.st.stm32cube.ide.mcu.externaltools.gnu-tools-for-stm32.7-2018-q2-update.win32_1.0.0.201904181610/tools/bin/../lib/gcc/arm-none-eabi/7.3.1/../../../../arm-none-eabi/lib/thumb/v7e-m/fpv4-sp/hard\libnosys.a
END GROUP
LOAD c:/st/stm32cubeide_1.0.2/stm32cubeide/plugins/com.st.stm32cube.ide.mcu.externaltools.gnu-tools-for-stm32.7-2018-q2-update.win32_1.0.0.201904181610/tools/bin/../lib/gcc/arm-none-eabi/7.3.1/thumb/v7e-m/fpv4-sp/hard/crtend.o
LOAD c:/st/stm32cubeide_1.0.2/stm32cubeide/plugins/com.st.stm32cube.ide.mcu.externaltools.gnu-tools-for-stm32.7-2018-q2-update.win32_1.0.0.201904181610/tools/bin/../lib/gcc/arm-none-eabi/7.3.1/thumb/v7e-m/fpv4-sp/hard/crtn.o
                0x0000000020010000                _estack = 0x20010000
                0x0000000000000200                _Min_Heap_Size = 0x200
                0x0000000000000400                _Min_Stack_Size = 0x400

.isr_vector     0x0000000008000000      0x18c
                0x0000000008000000                . = ALIGN (0x4)
 *(.isr_vector)
 .isr_vector    0x0000000008000000      0x18c Startup/startup_stm32l432kcux.o
                0x0000000008000000                g_pfnVectors
                0x000000000800018c                . = ALIGN (0x4)

.text           0x0000000008000190     0x85f0
                0x0000000008000190                . = ALIGN (0x4)
 *(.text)
 .text          0x0000000008000190       0x40 c:/st/stm32cubeide_1.0.2/stm32cubeide/plugins/com.st.stm32cube.ide.mcu.externaltools.gnu-tools-for-stm32.7-2018-q2-update.win32_1.0.0.201904181610/tools/bin/../lib/gcc/arm-none-eabi/7.3.1/thumb/v7e-m/fpv4-sp/hard/crtbegin.o
 .text          0x00000000080001d0       0x14 c:/st/stm32cubeide_1.0.2/stm32cubeide/plugins/com.st.stm32cube.ide.mcu.externaltools.gnu-tools-for-stm32.7-2018-q2-update.win32_1.0.0.201904181610/tools/bin/../lib/gcc/arm-none-eabi/7.3.1/../../../../arm-none-eabi/lib/thumb/v7e-m/fpv4-sp/hard\libc_nano.a(lib_a-strcmp.o)
                0x00000000080001d0                strcmp
 .text          0x00000000080001e4       0x10 c:/st/stm32cubeide_1.0.2/stm32cubeide/plugins/com.st.stm32cube.ide.mcu.externaltools.gnu-tools-for-stm32.7-2018-q2-update.win32_1.0.0.201904181610/tools/bin/../lib/gcc/arm-none-eabi/7.3.1/../../../../arm-none-eabi/lib/thumb/v7e-m/fpv4-sp/hard\libc_nano.a(lib_a-strlen.o)
                0x00000000080001e4                strlen
 *fill*         0x00000000080001f4        0xc 
 .text          0x0000000008000200       0xa0 c:/st/stm32cubeide_1.0.2/stm32cubeide/plugins/com.st.stm32cube.ide.mcu.externaltools.gnu-tools-for-stm32.7-2018-q2-update.win32_1.0.0.201904181610/tools/bin/../lib/gcc/arm-none-eabi/7.3.1/../../../../arm-none-eabi/lib/thumb/v7e-m/fpv4-sp/hard\libc_nano.a(lib_a-memchr.o)
                0x0000000008000200                memchr
 .text          0x00000000080002a0      0x378 c:/st/stm32cubeide_1.0.2/stm32cubeide/plugins/com.st.stm32cube.ide.mcu.externaltools.gnu-tools-for-stm32.7-2018-q2-update.win32_1.0.0.201904181610/tools/bin/../lib/gcc/arm-none-eabi/7.3.1/thumb/v7e-m/fpv4-sp/hard\libgcc.a(_arm_addsubdf3.o)
                0x00000000080002a0                __aeabi_drsub
                0x00000000080002a8                __aeabi_dsub
                0x00000000080002a8                __subdf3
                0x00000000080002ac                __aeabi_dadd
                0x00000000080002ac                __adddf3
                0x0000000008000524                __floatunsidf
                0x0000000008000524                __aeabi_ui2d
                0x0000000008000544                __floatsidf
                0x0000000008000544                __aeabi_i2d
                0x0000000008000568                __aeabi_f2d
                0x0000000008000568                __extendsfdf2
                0x00000000080005ac                __floatundidf
                0x00000000080005ac                __aeabi_ul2d
                0x00000000080005bc                __floatdidf
                0x00000000080005bc                __aeabi_l2d
 .text          0x0000000008000618      0x424 c:/st/stm32cubeide_1.0.2/stm32cubeide/plugins/com.st.stm32cube.ide.mcu.externaltools.gnu-tools-for-stm32.7-2018-q2-update.win32_1.0.0.201904181610/tools/bin/../lib/gcc/arm-none-eabi/7.3.1/thumb/v7e-m/fpv4-sp/hard\libgcc.a(_arm_muldivdf3.o)
                0x0000000008000618                __aeabi_dmul
                0x0000000008000618                __muldf3
                0x000000000800086c                __divdf3
                0x000000000800086c                __aeabi_ddiv
 .text          0x0000000008000a3c      0x110 c:/st/stm32cubeide_1.0.2/stm32cubeide/plugins/com.st.stm32cube.ide.mcu.externaltools.gnu-tools-for-stm32.7-2018-q2-update.win32_1.0.0.201904181610/tools/bin/../lib/gcc/arm-none-eabi/7.3.1/thumb/v7e-m/fpv4-sp/hard\libgcc.a(_arm_cmpdf2.o)
                0x0000000008000a3c                __gtdf2
                0x0000000008000a3c                __gedf2
                0x0000000008000a44                __ltdf2
                0x0000000008000a44                __ledf2
                0x0000000008000a4c                __nedf2
                0x0000000008000a4c                __eqdf2
                0x0000000008000a4c                __cmpdf2
                0x0000000008000ac8                __aeabi_cdrcmple
                0x0000000008000ad8                __aeabi_cdcmpeq
                0x0000000008000ad8                __aeabi_cdcmple
                0x0000000008000ae8                __aeabi_dcmpeq
                0x0000000008000afc                __aeabi_dcmplt
                0x0000000008000b10                __aeabi_dcmple
                0x0000000008000b24                __aeabi_dcmpge
                0x0000000008000b38                __aeabi_dcmpgt
 .text          0x0000000008000b4c       0x50 c:/st/stm32cubeide_1.0.2/stm32cubeide/plugins/com.st.stm32cube.ide.mcu.externaltools.gnu-tools-for-stm32.7-2018-q2-update.win32_1.0.0.201904181610/tools/bin/../lib/gcc/arm-none-eabi/7.3.1/thumb/v7e-m/fpv4-sp/hard\libgcc.a(_arm_fixdfsi.o)
                0x0000000008000b4c                __aeabi_d2iz
                0x0000000008000b4c                __fixdfsi
 .text          0x0000000008000b9c       0x40 c:/st/stm32cubeide_1.0.2/stm32cubeide/plugins/com.st.stm32cube.ide.mcu.externaltools.gnu-tools-for-stm32.7-2018-q2-update.win32_1.0.0.201904181610/tools/bin/../lib/gcc/arm-none-eabi/7.3.1/thumb/v7e-m/fpv4-sp/hard\libgcc.a(_arm_fixunsdfsi.o)
                0x0000000008000b9c                __aeabi_d2uiz
                0x0000000008000b9c                __fixunsdfsi
 .text          0x0000000008000bdc       0x30 c:/st/stm32cubeide_1.0.2/stm32cubeide/plugins/com.st.stm32cube.ide.mcu.externaltools.gnu-tools-for-stm32.7-2018-q2-update.win32_1.0.0.201904181610/tools/bin/../lib/gcc/arm-none-eabi/7.3.1/thumb/v7e-m/fpv4-sp/hard\libgcc.a(_aeabi_uldivmod.o)
                0x0000000008000bdc                __aeabi_uldivmod
 .text          0x0000000008000c0c      0x2cc c:/st/stm32cubeide_1.0.2/stm32cubeide/plugins/com.st.stm32cube.ide.mcu.externaltools.gnu-tools-for-stm32.7-2018-q2-update.win32_1.0.0.201904181610/tools/bin/../lib/gcc/arm-none-eabi/7.3.1/thumb/v7e-m/fpv4-sp/hard\libgcc.a(_udivmoddi4.o)
                0x0000000008000c0c                __udivmoddi4
 .text          0x0000000008000ed8        0x4 c:/st/stm32cubeide_1.0.2/stm32cubeide/plugins/com.st.stm32cube.ide.mcu.externaltools.gnu-tools-for-stm32.7-2018-q2-update.win32_1.0.0.201904181610/tools/bin/../lib/gcc/arm-none-eabi/7.3.1/thumb/v7e-m/fpv4-sp/hard\libgcc.a(_dvmd_tls.o)
                0x0000000008000ed8                __aeabi_idiv0
                0x0000000008000ed8                __aeabi_ldiv0
 *(.text*)
 .text.HAL_Init
                0x0000000008000edc       0x30 Drivers/STM32L4xx_HAL_Driver/Src/stm32l4xx_hal.o
                0x0000000008000edc                HAL_Init
 .text.HAL_InitTick
                0x0000000008000f0c       0x74 Drivers/STM32L4xx_HAL_Driver/Src/stm32l4xx_hal.o
                0x0000000008000f0c                HAL_InitTick
 .text.HAL_IncTick
                0x0000000008000f80       0x24 Drivers/STM32L4xx_HAL_Driver/Src/stm32l4xx_hal.o
                0x0000000008000f80                HAL_IncTick
 .text.HAL_GetTick
                0x0000000008000fa4       0x18 Drivers/STM32L4xx_HAL_Driver/Src/stm32l4xx_hal.o
                0x0000000008000fa4                HAL_GetTick
 .text.HAL_Delay
                0x0000000008000fbc       0x44 Drivers/STM32L4xx_HAL_Driver/Src/stm32l4xx_hal.o
                0x0000000008000fbc                HAL_Delay
 .text.__NVIC_SetPriorityGrouping
                0x0000000008001000       0x48 Drivers/STM32L4xx_HAL_Driver/Src/stm32l4xx_hal_cortex.o
 .text.__NVIC_GetPriorityGrouping
                0x0000000008001048       0x1c Drivers/STM32L4xx_HAL_Driver/Src/stm32l4xx_hal_cortex.o
 .text.__NVIC_EnableIRQ
                0x0000000008001064       0x3c Drivers/STM32L4xx_HAL_Driver/Src/stm32l4xx_hal_cortex.o
 .text.__NVIC_DisableIRQ
                0x00000000080010a0       0x44 Drivers/STM32L4xx_HAL_Driver/Src/stm32l4xx_hal_cortex.o
 .text.__NVIC_SetPriority
                0x00000000080010e4       0x54 Drivers/STM32L4xx_HAL_Driver/Src/stm32l4xx_hal_cortex.o
 .text.NVIC_EncodePriority
                0x0000000008001138       0x66 Drivers/STM32L4xx_HAL_Driver/Src/stm32l4xx_hal_cortex.o
 *fill*         0x000000000800119e        0x2 
 .text.SysTick_Config
                0x00000000080011a0       0x44 Drivers/STM32L4xx_HAL_Driver/Src/stm32l4xx_hal_cortex.o
 .text.HAL_NVIC_SetPriorityGrouping
                0x00000000080011e4       0x16 Drivers/STM32L4xx_HAL_Driver/Src/stm32l4xx_hal_cortex.o
                0x00000000080011e4                HAL_NVIC_SetPriorityGrouping
 .text.HAL_NVIC_SetPriority
                0x00000000080011fa       0x38 Drivers/STM32L4xx_HAL_Driver/Src/stm32l4xx_hal_cortex.o
                0x00000000080011fa                HAL_NVIC_SetPriority
 .text.HAL_NVIC_EnableIRQ
                0x0000000008001232       0x1c Drivers/STM32L4xx_HAL_Driver/Src/stm32l4xx_hal_cortex.o
                0x0000000008001232                HAL_NVIC_EnableIRQ
 .text.HAL_NVIC_DisableIRQ
                0x000000000800124e       0x1c Drivers/STM32L4xx_HAL_Driver/Src/stm32l4xx_hal_cortex.o
                0x000000000800124e                HAL_NVIC_DisableIRQ
 .text.HAL_SYSTICK_Config
                0x000000000800126a       0x18 Drivers/STM32L4xx_HAL_Driver/Src/stm32l4xx_hal_cortex.o
                0x000000000800126a                HAL_SYSTICK_Config
 .text.HAL_DMA_Abort_IT
                0x0000000008001282       0x82 Drivers/STM32L4xx_HAL_Driver/Src/stm32l4xx_hal_dma.o
                0x0000000008001282                HAL_DMA_Abort_IT
 .text.HAL_GPIO_Init
                0x0000000008001304      0x2d4 Drivers/STM32L4xx_HAL_Driver/Src/stm32l4xx_hal_gpio.o
                0x0000000008001304                HAL_GPIO_Init
 .text.HAL_GPIO_DeInit
                0x00000000080015d8      0x194 Drivers/STM32L4xx_HAL_Driver/Src/stm32l4xx_hal_gpio.o
                0x00000000080015d8                HAL_GPIO_DeInit
 .text.HAL_GPIO_WritePin
                0x000000000800176c       0x30 Drivers/STM32L4xx_HAL_Driver/Src/stm32l4xx_hal_gpio.o
                0x000000000800176c                HAL_GPIO_WritePin
 .text.HAL_GPIO_EXTI_IRQHandler
                0x000000000800179c       0x30 Drivers/STM32L4xx_HAL_Driver/Src/stm32l4xx_hal_gpio.o
                0x000000000800179c                HAL_GPIO_EXTI_IRQHandler
 .text.HAL_I2C_DeInit
                0x00000000080017cc       0x5e Drivers/STM32L4xx_HAL_Driver/Src/stm32l4xx_hal_i2c.o
                0x00000000080017cc                HAL_I2C_DeInit
 .text.HAL_I2C_EV_IRQHandler
                0x000000000800182a       0x34 Drivers/STM32L4xx_HAL_Driver/Src/stm32l4xx_hal_i2c.o
                0x000000000800182a                HAL_I2C_EV_IRQHandler
 .text.HAL_I2CEx_ConfigAnalogFilter
                0x000000000800185e       0x96 Drivers/STM32L4xx_HAL_Driver/Src/stm32l4xx_hal_i2c_ex.o
                0x000000000800185e                HAL_I2CEx_ConfigAnalogFilter
 .text.HAL_LPTIM_Init
                0x00000000080018f4      0x124 Drivers/STM32L4xx_HAL_Driver/Src/stm32l4xx_hal_lptim.o
                0x00000000080018f4                HAL_LPTIM_Init
 .text.HAL_LPTIM_TimeOut_Start_IT
                0x0000000008001a18       0x8c Drivers/STM32L4xx_HAL_Driver/Src/stm32l4xx_hal_lptim.o
                0x0000000008001a18                HAL_LPTIM_TimeOut_Start_IT
 .text.HAL_LPTIM_IRQHandler
                0x0000000008001aa4      0x136 Drivers/STM32L4xx_HAL_Driver/Src/stm32l4xx_hal_lptim.o
                0x0000000008001aa4                HAL_LPTIM_IRQHandler
 .text.HAL_LPTIM_AutoReloadMatchCallback
                0x0000000008001bda       0x14 Drivers/STM32L4xx_HAL_Driver/Src/stm32l4xx_hal_lptim.o
                0x0000000008001bda                HAL_LPTIM_AutoReloadMatchCallback
 .text.HAL_LPTIM_TriggerCallback
                0x0000000008001bee       0x14 Drivers/STM32L4xx_HAL_Driver/Src/stm32l4xx_hal_lptim.o
                0x0000000008001bee                HAL_LPTIM_TriggerCallback
 .text.HAL_LPTIM_CompareWriteCallback
                0x0000000008001c02       0x14 Drivers/STM32L4xx_HAL_Driver/Src/stm32l4xx_hal_lptim.o
                0x0000000008001c02                HAL_LPTIM_CompareWriteCallback
 .text.HAL_LPTIM_AutoReloadWriteCallback
                0x0000000008001c16       0x14 Drivers/STM32L4xx_HAL_Driver/Src/stm32l4xx_hal_lptim.o
                0x0000000008001c16                HAL_LPTIM_AutoReloadWriteCallback
 .text.HAL_LPTIM_DirectionUpCallback
                0x0000000008001c2a       0x14 Drivers/STM32L4xx_HAL_Driver/Src/stm32l4xx_hal_lptim.o
                0x0000000008001c2a                HAL_LPTIM_DirectionUpCallback
 .text.HAL_LPTIM_DirectionDownCallback
                0x0000000008001c3e       0x14 Drivers/STM32L4xx_HAL_Driver/Src/stm32l4xx_hal_lptim.o
                0x0000000008001c3e                HAL_LPTIM_DirectionDownCallback
 *fill*         0x0000000008001c52        0x2 
 .text.HAL_PWR_EnableBkUpAccess
                0x0000000008001c54       0x20 Drivers/STM32L4xx_HAL_Driver/Src/stm32l4xx_hal_pwr.o
                0x0000000008001c54                HAL_PWR_EnableBkUpAccess
 .text.HAL_PWREx_GetVoltageRange
                0x0000000008001c74       0x1c Drivers/STM32L4xx_HAL_Driver/Src/stm32l4xx_hal_pwr_ex.o
                0x0000000008001c74                HAL_PWREx_GetVoltageRange
 .text.HAL_PWREx_ControlVoltageScaling
                0x0000000008001c90       0xac Drivers/STM32L4xx_HAL_Driver/Src/stm32l4xx_hal_pwr_ex.o
                0x0000000008001c90                HAL_PWREx_ControlVoltageScaling
 .text.HAL_PWREx_EnableSRAM2ContentRetention
                0x0000000008001d3c       0x20 Drivers/STM32L4xx_HAL_Driver/Src/stm32l4xx_hal_pwr_ex.o
                0x0000000008001d3c                HAL_PWREx_EnableSRAM2ContentRetention
 .text.HAL_RCC_OscConfig
                0x0000000008001d5c      0x7dc Drivers/STM32L4xx_HAL_Driver/Src/stm32l4xx_hal_rcc.o
                0x0000000008001d5c                HAL_RCC_OscConfig
 .text.HAL_RCC_ClockConfig
                0x0000000008002538      0x1c4 Drivers/STM32L4xx_HAL_Driver/Src/stm32l4xx_hal_rcc.o
                0x0000000008002538                HAL_RCC_ClockConfig
 .text.HAL_RCC_GetSysClockFreq
                0x00000000080026fc      0x114 Drivers/STM32L4xx_HAL_Driver/Src/stm32l4xx_hal_rcc.o
                0x00000000080026fc                HAL_RCC_GetSysClockFreq
 .text.HAL_RCC_GetHCLKFreq
                0x0000000008002810       0x18 Drivers/STM32L4xx_HAL_Driver/Src/stm32l4xx_hal_rcc.o
                0x0000000008002810                HAL_RCC_GetHCLKFreq
 .text.HAL_RCC_GetPCLK1Freq
                0x0000000008002828       0x2c Drivers/STM32L4xx_HAL_Driver/Src/stm32l4xx_hal_rcc.o
                0x0000000008002828                HAL_RCC_GetPCLK1Freq
 .text.HAL_RCC_GetPCLK2Freq
                0x0000000008002854       0x2c Drivers/STM32L4xx_HAL_Driver/Src/stm32l4xx_hal_rcc.o
                0x0000000008002854                HAL_RCC_GetPCLK2Freq
 .text.RCC_SetFlashLatencyFromMSIRange
                0x0000000008002880       0xc0 Drivers/STM32L4xx_HAL_Driver/Src/stm32l4xx_hal_rcc.o
 .text.HAL_RCCEx_PeriphCLKConfig
                0x0000000008002940      0x3e4 Drivers/STM32L4xx_HAL_Driver/Src/stm32l4xx_hal_rcc_ex.o
                0x0000000008002940                HAL_RCCEx_PeriphCLKConfig
 .text.HAL_RCCEx_EnableMSIPLLMode
                0x0000000008002d24       0x20 Drivers/STM32L4xx_HAL_Driver/Src/stm32l4xx_hal_rcc_ex.o
                0x0000000008002d24                HAL_RCCEx_EnableMSIPLLMode
 .text.RCCEx_PLLSAI1_Config
                0x0000000008002d44      0x1e0 Drivers/STM32L4xx_HAL_Driver/Src/stm32l4xx_hal_rcc_ex.o
 .text.HAL_UART_Init
                0x0000000008002f24       0x9c Drivers/STM32L4xx_HAL_Driver/Src/stm32l4xx_hal_uart.o
                0x0000000008002f24                HAL_UART_Init
 .text.HAL_UART_DeInit
                0x0000000008002fc0       0x6a Drivers/STM32L4xx_HAL_Driver/Src/stm32l4xx_hal_uart.o
                0x0000000008002fc0                HAL_UART_DeInit
 .text.HAL_UART_Transmit
                0x000000000800302a      0x126 Drivers/STM32L4xx_HAL_Driver/Src/stm32l4xx_hal_uart.o
                0x000000000800302a                HAL_UART_Transmit
 .text.HAL_UART_Receive_IT
                0x0000000008003150      0x144 Drivers/STM32L4xx_HAL_Driver/Src/stm32l4xx_hal_uart.o
                0x0000000008003150                HAL_UART_Receive_IT
 .text.HAL_UART_IRQHandler
                0x0000000008003294      0x260 Drivers/STM32L4xx_HAL_Driver/Src/stm32l4xx_hal_uart.o
                0x0000000008003294                HAL_UART_IRQHandler
 .text.HAL_UART_TxCpltCallback
                0x00000000080034f4       0x14 Drivers/STM32L4xx_HAL_Driver/Src/stm32l4xx_hal_uart.o
                0x00000000080034f4                HAL_UART_TxCpltCallback
 .text.HAL_UART_RxCpltCallback
                0x0000000008003508       0x14 Drivers/STM32L4xx_HAL_Driver/Src/stm32l4xx_hal_uart.o
                0x0000000008003508                HAL_UART_RxCpltCallback
 .text.HAL_UART_ErrorCallback
                0x000000000800351c       0x14 Drivers/STM32L4xx_HAL_Driver/Src/stm32l4xx_hal_uart.o
                0x000000000800351c                HAL_UART_ErrorCallback
 .text.UART_SetConfig
                0x0000000008003530      0x594 Drivers/STM32L4xx_HAL_Driver/Src/stm32l4xx_hal_uart.o
                0x0000000008003530                UART_SetConfig
 .text.UART_AdvFeatureConfig
                0x0000000008003ac4      0x144 Drivers/STM32L4xx_HAL_Driver/Src/stm32l4xx_hal_uart.o
                0x0000000008003ac4                UART_AdvFeatureConfig
 .text.UART_CheckIdleState
                0x0000000008003c08       0x8a Drivers/STM32L4xx_HAL_Driver/Src/stm32l4xx_hal_uart.o
                0x0000000008003c08                UART_CheckIdleState
 .text.UART_WaitOnFlagUntilTimeout
                0x0000000008003c92       0x90 Drivers/STM32L4xx_HAL_Driver/Src/stm32l4xx_hal_uart.o
                0x0000000008003c92                UART_WaitOnFlagUntilTimeout
 .text.UART_EndRxTransfer
                0x0000000008003d22       0x40 Drivers/STM32L4xx_HAL_Driver/Src/stm32l4xx_hal_uart.o
 .text.UART_DMAAbortOnError
                0x0000000008003d62       0x2c Drivers/STM32L4xx_HAL_Driver/Src/stm32l4xx_hal_uart.o
 .text.UART_EndTransmit_IT
                0x0000000008003d8e       0x32 Drivers/STM32L4xx_HAL_Driver/Src/stm32l4xx_hal_uart.o
 .text.UART_RxISR_8BIT
                0x0000000008003dc0       0xaa Drivers/STM32L4xx_HAL_Driver/Src/stm32l4xx_hal_uart.o
 .text.UART_RxISR_16BIT
                0x0000000008003e6a       0xaa Drivers/STM32L4xx_HAL_Driver/Src/stm32l4xx_hal_uart.o
 .text.HAL_UARTEx_WakeupCallback
                0x0000000008003f14       0x14 Drivers/STM32L4xx_HAL_Driver/Src/stm32l4xx_hal_uart_ex.o
                0x0000000008003f14                HAL_UARTEx_WakeupCallback
 .text.LL_PWR_SetPowerMode
                0x0000000008003f28       0x28 Src/event.o
 .text.LL_LPM_EnableSleep
                0x0000000008003f50       0x20 Src/event.o
 .text.LL_LPM_EnableDeepSleep
                0x0000000008003f70       0x20 Src/event.o
 .text.LL_LPM_DisableSleepOnExit
                0x0000000008003f90       0x20 Src/event.o
 .text.LL_LPM_EnableEventOnPend
                0x0000000008003fb0       0x20 Src/event.o
 .text.LL_RCC_SetClkAfterWakeFromStop
                0x0000000008003fd0       0x28 Src/event.o
 .text.eventWait
                0x0000000008003ff8       0x60 Src/event.o
                0x0000000008003ff8                eventWait
 .text.eventPollTimer
                0x0000000008004058       0x30 Src/event.o
                0x0000000008004058                eventPollTimer
 .text.event    0x0000000008004088       0x24 Src/event.o
                0x0000000008004088                event
 .text.eventOccurred
                0x00000000080040ac       0x18 Src/event.o
                0x00000000080040ac                eventOccurred
 .text.eventClear
                0x00000000080040c4       0x28 Src/event.o
                0x00000000080040c4                eventClear
 .text.eventSleep
                0x00000000080040ec       0x9c Src/event.o
                0x00000000080040ec                eventSleep
 .text.setup    0x0000000008004188       0x44 Src/example.o
                0x0000000008004188                setup
 .text.loop     0x00000000080041cc      0x14c Src/example.o
                0x00000000080041cc                loop
 .text.main     0x0000000008004318       0x58 Src/main.o
                0x0000000008004318                main
 .text.SystemClock_Config
                0x0000000008004370      0x11c Src/main.o
                0x0000000008004370                SystemClock_Config
 .text.MX_I2C1_DeInit
                0x000000000800448c       0x38 Src/main.o
                0x000000000800448c                MX_I2C1_DeInit
 .text.MX_USART1_UART_Init
                0x00000000080044c4       0x9c Src/main.o
                0x00000000080044c4                MX_USART1_UART_Init
 .text.MY_UART_IRQHandler
                0x0000000008004560       0x98 Src/main.o
                0x0000000008004560                MY_UART_IRQHandler
 .text.MX_USART1_UART_DeInit
                0x00000000080045f8       0x2c Src/main.o
                0x00000000080045f8                MX_USART1_UART_DeInit
 .text.MX_LPTIM1_Init
                0x0000000008004624       0x70 Src/main.o
                0x0000000008004624                MX_LPTIM1_Init
 .text.HAL_LPTIM_CompareMatchCallback
                0x0000000008004694       0x24 Src/main.o
                0x0000000008004694                HAL_LPTIM_CompareMatchCallback
 .text.MY_TimerMs
                0x00000000080046b8       0x18 Src/main.o
                0x00000000080046b8                MY_TimerMs
 .text.MX_GPIO_Init
                0x00000000080046d0      0x13c Src/main.o
                0x00000000080046d0                MX_GPIO_Init
 .text.HAL_GPIO_EXTI_Callback
                0x000000000800480c       0x22 Src/main.o
                0x000000000800480c                HAL_GPIO_EXTI_Callback
 .text.Error_Handler
                0x000000000800482e        0xe Src/main.o
                0x000000000800482e                Error_Handler
 .text.delay    0x000000000800483c       0x16 Src/main.o
                0x000000000800483c                delay
 .text.millis   0x0000000008004852        0xe Src/main.o
                0x0000000008004852                millis
 .text.MY_Debug
                0x0000000008004860       0x24 Src/main.o
                0x0000000008004860                MY_Debug
 .text.MY_Sleep_DeInit
                0x0000000008004884       0x14 Src/main.o
                0x0000000008004884                MY_Sleep_DeInit
 .text.noteSerialReset
                0x0000000008004898       0x10 Src/main.o
                0x0000000008004898                noteSerialReset
 .text.noteSerialTransmit
                0x00000000080048a8       0x2c Src/main.o
                0x00000000080048a8                noteSerialTransmit
 .text.noteSerialAvailable
                0x00000000080048d4       0x28 Src/main.o
                0x00000000080048d4                noteSerialAvailable
 .text.noteSerialReceive
                0x00000000080048fc       0x54 Src/main.o
                0x00000000080048fc                noteSerialReceive
 .text.HAL_MspInit
                0x0000000008004950       0x48 Src/stm32l4xx_hal_msp.o
                0x0000000008004950                HAL_MspInit
 .text.HAL_I2C_MspDeInit
                0x0000000008004998       0x40 Src/stm32l4xx_hal_msp.o
                0x0000000008004998                HAL_I2C_MspDeInit
 .text.HAL_UART_MspInit
                0x00000000080049d8       0x98 Src/stm32l4xx_hal_msp.o
                0x00000000080049d8                HAL_UART_MspInit
 .text.HAL_UART_MspDeInit
                0x0000000008004a70       0x40 Src/stm32l4xx_hal_msp.o
                0x0000000008004a70                HAL_UART_MspDeInit
 .text.HAL_LPTIM_MspInit
                0x0000000008004ab0       0x4c Src/stm32l4xx_hal_msp.o
                0x0000000008004ab0                HAL_LPTIM_MspInit
 .text.NMI_Handler
                0x0000000008004afc        0xe Src/stm32l4xx_it.o
                0x0000000008004afc                NMI_Handler
 .text.HardFault_Handler
                0x0000000008004b0a        0x6 Src/stm32l4xx_it.o
                0x0000000008004b0a                HardFault_Handler
 .text.MemManage_Handler
                0x0000000008004b10        0x6 Src/stm32l4xx_it.o
                0x0000000008004b10                MemManage_Handler
 .text.BusFault_Handler
                0x0000000008004b16        0x6 Src/stm32l4xx_it.o
                0x0000000008004b16                BusFault_Handler
 .text.UsageFault_Handler
                0x0000000008004b1c        0x6 Src/stm32l4xx_it.o
                0x0000000008004b1c                UsageFault_Handler
 .text.SVC_Handler
                0x0000000008004b22        0xe Src/stm32l4xx_it.o
                0x0000000008004b22                SVC_Handler
 .text.DebugMon_Handler
                0x0000000008004b30        0xe Src/stm32l4xx_it.o
                0x0000000008004b30                DebugMon_Handler
 .text.PendSV_Handler
                0x0000000008004b3e        0xe Src/stm32l4xx_it.o
                0x0000000008004b3e                PendSV_Handler
 .text.SysTick_Handler
                0x0000000008004b4c        0xc Src/stm32l4xx_it.o
                0x0000000008004b4c                SysTick_Handler
 .text.I2C1_EV_IRQHandler
                0x0000000008004b58       0x14 Src/stm32l4xx_it.o
                0x0000000008004b58                I2C1_EV_IRQHandler
 .text.USART1_IRQHandler
                0x0000000008004b6c       0x18 Src/stm32l4xx_it.o
                0x0000000008004b6c                USART1_IRQHandler
 .text.EXTI0_IRQHandler
                0x0000000008004b84        0xe Src/stm32l4xx_it.o
                0x0000000008004b84                EXTI0_IRQHandler
 .text.EXTI1_IRQHandler
                0x0000000008004b92        0xe Src/stm32l4xx_it.o
                0x0000000008004b92                EXTI1_IRQHandler
 .text.EXTI2_IRQHandler
                0x0000000008004ba0        0xe Src/stm32l4xx_it.o
                0x0000000008004ba0                EXTI2_IRQHandler
 .text.EXTI3_IRQHandler
                0x0000000008004bae        0xe Src/stm32l4xx_it.o
                0x0000000008004bae                EXTI3_IRQHandler
 .text.EXTI4_IRQHandler
                0x0000000008004bbc        0xe Src/stm32l4xx_it.o
                0x0000000008004bbc                EXTI4_IRQHandler
 *fill*         0x0000000008004bca        0x2 
 .text.MY_GPIO_EXTI_IRQHandler
                0x0000000008004bcc       0x3c Src/stm32l4xx_it.o
                0x0000000008004bcc                MY_GPIO_EXTI_IRQHandler
 .text.EXTI9_5_IRQHandler
                0x0000000008004c08       0x10 Src/stm32l4xx_it.o
                0x0000000008004c08                EXTI9_5_IRQHandler
 .text.EXTI15_10_IRQHandler
                0x0000000008004c18       0x10 Src/stm32l4xx_it.o
                0x0000000008004c18                EXTI15_10_IRQHandler
 .text.LPTIM1_IRQHandler
                0x0000000008004c28       0x14 Src/stm32l4xx_it.o
                0x0000000008004c28                LPTIM1_IRQHandler
 .text._sbrk    0x0000000008004c3c       0x58 Src/sysmem.o
                0x0000000008004c3c                _sbrk
 .text.SystemInit
                0x0000000008004c94       0x6c Src/system_stm32l4xx.o
                0x0000000008004c94                SystemInit
 .text.SystemCoreClockUpdate
                0x0000000008004d00      0x174 Src/system_stm32l4xx.o
                0x0000000008004d00                SystemCoreClockUpdate
 .text.Reset_Handler
                0x0000000008004e74       0x50 Startup/startup_stm32l432kcux.o
                0x0000000008004e74                Reset_Handler
 .text.Default_Handler
                0x0000000008004ec4        0x2 Startup/startup_stm32l432kcux.o
                0x0000000008004ec4                RTC_Alarm_IRQHandler
                0x0000000008004ec4                TIM1_CC_IRQHandler
                0x0000000008004ec4                TSC_IRQHandler
                0x0000000008004ec4                TAMP_STAMP_IRQHandler
                0x0000000008004ec4                LPTIM2_IRQHandler
                0x0000000008004ec4                I2C3_ER_IRQHandler
                0x0000000008004ec4                CAN1_RX0_IRQHandler
                0x0000000008004ec4                FPU_IRQHandler
                0x0000000008004ec4                TIM1_UP_TIM16_IRQHandler
                0x0000000008004ec4                SPI1_IRQHandler
                0x0000000008004ec4                TIM6_DAC_IRQHandler
                0x0000000008004ec4                DMA2_Channel2_IRQHandler
                0x0000000008004ec4                DMA1_Channel4_IRQHandler
                0x0000000008004ec4                ADC1_IRQHandler
                0x0000000008004ec4                DMA1_Channel7_IRQHandler
                0x0000000008004ec4                CAN1_RX1_IRQHandler
                0x0000000008004ec4                DMA2_Channel1_IRQHandler
                0x0000000008004ec4                QUADSPI_IRQHandler
                0x0000000008004ec4                DMA1_Channel6_IRQHandler
                0x0000000008004ec4                DMA2_Channel4_IRQHandler
                0x0000000008004ec4                RCC_IRQHandler
                0x0000000008004ec4                TIM1_TRG_COM_IRQHandler
                0x0000000008004ec4                DMA1_Channel1_IRQHandler
                0x0000000008004ec4                Default_Handler
                0x0000000008004ec4                DMA2_Channel7_IRQHandler
                0x0000000008004ec4                TIM7_IRQHandler
                0x0000000008004ec4                I2C3_EV_IRQHandler
                0x0000000008004ec4                USB_IRQHandler
                0x0000000008004ec4                RTC_WKUP_IRQHandler
                0x0000000008004ec4                PVD_PVM_IRQHandler
                0x0000000008004ec4                CAN1_TX_IRQHandler
                0x0000000008004ec4                DMA2_Channel5_IRQHandler
                0x0000000008004ec4                CRS_IRQHandler
                0x0000000008004ec4                DMA1_Channel5_IRQHandler
                0x0000000008004ec4                RNG_IRQHandler
                0x0000000008004ec4                DMA1_Channel3_IRQHandler
                0x0000000008004ec4                COMP_IRQHandler
                0x0000000008004ec4                WWDG_IRQHandler
                0x0000000008004ec4                LPUART1_IRQHandler
                0x0000000008004ec4                DMA2_Channel6_IRQHandler
                0x0000000008004ec4                TIM2_IRQHandler
                0x0000000008004ec4                USART2_IRQHandler
                0x0000000008004ec4                DMA1_Channel2_IRQHandler
                0x0000000008004ec4                CAN1_SCE_IRQHandler
                0x0000000008004ec4                FLASH_IRQHandler
                0x0000000008004ec4                SPI3_IRQHandler
                0x0000000008004ec4                I2C1_ER_IRQHandler
                0x0000000008004ec4                SWPMI1_IRQHandler
                0x0000000008004ec4                SAI1_IRQHandler
                0x0000000008004ec4                DMA2_Channel3_IRQHandler
                0x0000000008004ec4                TIM1_BRK_TIM15_IRQHandler
 *fill*         0x0000000008004ec6        0x2 
 .text.JAtoN    0x0000000008004ec8      0x29c note-c/n_atof.o
                0x0000000008004ec8                JAtoN
 .text.case_insensitive_strcmp
                0x0000000008005164       0xe0 note-c/n_cjson.o
 .text.Jstrdup  0x0000000008005244       0x50 note-c/n_cjson.o
 .text.JFree    0x0000000008005294       0x1c note-c/n_cjson.o
                0x0000000008005294                JFree
 .text.JNew_Item
                0x00000000080052b0       0x2c note-c/n_cjson.o
 .text.JDelete  0x00000000080052dc       0x90 note-c/n_cjson.o
                0x00000000080052dc                JDelete
 .text.get_decimal_point
                0x000000000800536c       0x10 note-c/n_cjson.o
 *fill*         0x000000000800537c        0x4 
 .text.parse_number
                0x0000000008005380      0x25c note-c/n_cjson.o
 .text.ensure   0x00000000080055dc      0x13a note-c/n_cjson.o
 .text.update_offset
                0x0000000008005716       0x42 note-c/n_cjson.o
 .text.print_number
                0x0000000008005758      0x12c note-c/n_cjson.o
 .text.parse_hex4
                0x0000000008005884       0xc4 note-c/n_cjson.o
 .text.utf16_literal_to_utf8
                0x0000000008005948      0x1cc note-c/n_cjson.o
 .text.parse_string
                0x0000000008005b14      0x360 note-c/n_cjson.o
 .text.htoa16   0x0000000008005e74       0x64 note-c/n_cjson.o
                0x0000000008005e74                htoa16
 .text.print_string_ptr
                0x0000000008005ed8      0x1f0 note-c/n_cjson.o
 .text.print_string
                0x00000000080060c8       0x20 note-c/n_cjson.o
 .text.buffer_skip_whitespace
                0x00000000080060e8       0x6a note-c/n_cjson.o
 *fill*         0x0000000008006152        0x2 
 .text.skip_utf8_bom
                0x0000000008006154       0x68 note-c/n_cjson.o
 .text.JParseWithOpts
                0x00000000080061bc      0x134 note-c/n_cjson.o
                0x00000000080061bc                JParseWithOpts
 .text.JParse   0x00000000080062f0       0x1c note-c/n_cjson.o
                0x00000000080062f0                JParse
 .text.print    0x000000000800630c      0x108 note-c/n_cjson.o
 .text.JPrintUnformatted
                0x0000000008006414       0x20 note-c/n_cjson.o
                0x0000000008006414                JPrintUnformatted
 .text.parse_value
                0x0000000008006434      0x1d8 note-c/n_cjson.o
 .text.print_value
                0x000000000800660c      0x14c note-c/n_cjson.o
 .text.parse_array
                0x0000000008006758      0x17c note-c/n_cjson.o
 .text.print_array
                0x00000000080068d4      0x10c note-c/n_cjson.o
 .text.parse_object
                0x00000000080069e0      0x1ea note-c/n_cjson.o
 .text.print_object
                0x0000000008006bca      0x23e note-c/n_cjson.o
 .text.get_object_item
                0x0000000008006e08       0x76 note-c/n_cjson.o
 .text.JGetObjectItem
                0x0000000008006e7e       0x1e note-c/n_cjson.o
                0x0000000008006e7e                JGetObjectItem
 .text.suffix_object
                0x0000000008006e9c       0x22 note-c/n_cjson.o
 .text.add_item_to_array
                0x0000000008006ebe       0x52 note-c/n_cjson.o
 .text.cast_away_const
                0x0000000008006f10       0x16 note-c/n_cjson.o
 .text.add_item_to_object
                0x0000000008006f26       0xa2 note-c/n_cjson.o
 .text.JAddItemToObject
                0x0000000008006fc8       0x28 note-c/n_cjson.o
                0x0000000008006fc8                JAddItemToObject
 .text.JAddBoolToObject
                0x0000000008006ff0       0x44 note-c/n_cjson.o
                0x0000000008006ff0                JAddBoolToObject
 .text.JAddNumberToObject
                0x0000000008007034       0x48 note-c/n_cjson.o
                0x0000000008007034                JAddNumberToObject
 .text.JAddStringToObject
                0x000000000800707c       0x44 note-c/n_cjson.o
                0x000000000800707c                JAddStringToObject
 .text.JCreateBool
                0x00000000080070c0       0x34 note-c/n_cjson.o
                0x00000000080070c0                JCreateBool
 *fill*         0x00000000080070f4        0x4 
 .text.JCreateNumber
                0x00000000080070f8       0x90 note-c/n_cjson.o
                0x00000000080070f8                JCreateNumber
 .text.JCreateString
                0x0000000008007188       0x4c note-c/n_cjson.o
                0x0000000008007188                JCreateString
 .text.JCreateObject
                0x00000000080071d4       0x28 note-c/n_cjson.o
                0x00000000080071d4                JCreateObject
 .text.JIsNumber
                0x00000000080071fc       0x2e note-c/n_cjson.o
                0x00000000080071fc                JIsNumber
 .text.JIsString
                0x000000000800722a       0x2e note-c/n_cjson.o
                0x000000000800722a                JIsString
 .text.JGetNumber
                0x0000000008007258       0x62 note-c/n_cjson_helpers.o
                0x0000000008007258                JGetNumber
 .text.JIsNullString
                0x00000000080072ba       0x5c note-c/n_cjson_helpers.o
                0x00000000080072ba                JIsNullString
 *fill*         0x0000000008007316        0x2 
 .text.JNtoA    0x0000000008007318      0x330 note-c/n_ftoa.o
                0x0000000008007318                JNtoA
 .text.NoteSetFn
                0x0000000008007648       0x44 note-c/n_hooks.o
                0x0000000008007648                NoteSetFn
 .text.NoteSetFnSerial
                0x000000000800768c       0x68 note-c/n_hooks.o
                0x000000000800768c                NoteSetFnSerial
 .text.NoteFnDebug
                0x00000000080076f4       0x48 note-c/n_hooks.o
                0x00000000080076f4                NoteFnDebug
 .text.NoteFnGetMs
                0x000000000800773c       0x20 note-c/n_hooks.o
                0x000000000800773c                NoteFnGetMs
 .text.NoteFnDelayMs
                0x000000000800775c       0x24 note-c/n_hooks.o
                0x000000000800775c                NoteFnDelayMs
 .text.NoteFnMalloc
                0x0000000008007780       0x2c note-c/n_hooks.o
                0x0000000008007780                NoteFnMalloc
 .text.NoteFnFree
                0x00000000080077ac       0x24 note-c/n_hooks.o
                0x00000000080077ac                NoteFnFree
 .text.NoteFnLockNote
                0x00000000080077d0       0x1c note-c/n_hooks.o
                0x00000000080077d0                NoteFnLockNote
 .text.NoteFnUnlockNote
                0x00000000080077ec       0x1c note-c/n_hooks.o
                0x00000000080077ec                NoteFnUnlockNote
 .text.NoteFnSerialReset
                0x0000000008007808       0x28 note-c/n_hooks.o
                0x0000000008007808                NoteFnSerialReset
 .text.NoteFnSerialTransmit
                0x0000000008007830       0x3c note-c/n_hooks.o
                0x0000000008007830                NoteFnSerialTransmit
 .text.NoteFnSerialAvailable
                0x000000000800786c       0x2c note-c/n_hooks.o
                0x000000000800786c                NoteFnSerialAvailable
 .text.NoteFnSerialReceive
                0x0000000008007898       0x2c note-c/n_hooks.o
                0x0000000008007898                NoteFnSerialReceive
 .text.NoteFnNoteReset
                0x00000000080078c4       0x20 note-c/n_hooks.o
                0x00000000080078c4                NoteFnNoteReset
 .text.NoteFnTransaction
                0x00000000080078e4       0x34 note-c/n_hooks.o
                0x00000000080078e4                NoteFnTransaction
 .text.errDoc   0x0000000008007918       0x38 note-c/n_request.o
 .text.NoteNewRequest
                0x0000000008007950       0x2c note-c/n_request.o
                0x0000000008007950                NoteNewRequest
 .text.NoteRequest
                0x000000000800797c       0x50 note-c/n_request.o
                0x000000000800797c                NoteRequest
 .text.NoteRequestResponse
                0x00000000080079cc       0x3a note-c/n_request.o
                0x00000000080079cc                NoteRequestResponse
 *fill*         0x0000000008007a06        0x2 
 .text.NoteTransaction
                0x0000000008007a08       0xec note-c/n_request.o
                0x0000000008007a08                NoteTransaction
 .text.NoteResetRequired
                0x0000000008007af4       0x18 note-c/n_request.o
                0x0000000008007af4                NoteResetRequired
 .text.NoteReset
                0x0000000008007b0c       0x2c note-c/n_request.o
                0x0000000008007b0c                NoteReset
 .text.serialNoteTransaction
                0x0000000008007b38      0x204 note-c/n_serial.o
                0x0000000008007b38                serialNoteTransaction
 .text.serialNoteReset
                0x0000000008007d3c       0xcc note-c/n_serial.o
                0x0000000008007d3c                serialNoteReset
 .text.__errno  0x0000000008007e08        0xc c:/st/stm32cubeide_1.0.2/stm32cubeide/plugins/com.st.stm32cube.ide.mcu.externaltools.gnu-tools-for-stm32.7-2018-q2-update.win32_1.0.0.201904181610/tools/bin/../lib/gcc/arm-none-eabi/7.3.1/../../../../arm-none-eabi/lib/thumb/v7e-m/fpv4-sp/hard\libc_nano.a(lib_a-errno.o)
                0x0000000008007e08                __errno
 .text.__libc_init_array
                0x0000000008007e14       0x48 c:/st/stm32cubeide_1.0.2/stm32cubeide/plugins/com.st.stm32cube.ide.mcu.externaltools.gnu-tools-for-stm32.7-2018-q2-update.win32_1.0.0.201904181610/tools/bin/../lib/gcc/arm-none-eabi/7.3.1/../../../../arm-none-eabi/lib/thumb/v7e-m/fpv4-sp/hard\libc_nano.a(lib_a-init.o)
                0x0000000008007e14                __libc_init_array
 .text.__locale_ctype_ptr
                0x0000000008007e5c       0x1c c:/st/stm32cubeide_1.0.2/stm32cubeide/plugins/com.st.stm32cube.ide.mcu.externaltools.gnu-tools-for-stm32.7-2018-q2-update.win32_1.0.0.201904181610/tools/bin/../lib/gcc/arm-none-eabi/7.3.1/../../../../arm-none-eabi/lib/thumb/v7e-m/fpv4-sp/hard\libc_nano.a(lib_a-locale.o)
                0x0000000008007e5c                __locale_ctype_ptr
 .text.malloc   0x0000000008007e78       0x10 c:/st/stm32cubeide_1.0.2/stm32cubeide/plugins/com.st.stm32cube.ide.mcu.externaltools.gnu-tools-for-stm32.7-2018-q2-update.win32_1.0.0.201904181610/tools/bin/../lib/gcc/arm-none-eabi/7.3.1/../../../../arm-none-eabi/lib/thumb/v7e-m/fpv4-sp/hard\libc_nano.a(lib_a-malloc.o)
                0x0000000008007e78                malloc
 .text.free     0x0000000008007e88       0x10 c:/st/stm32cubeide_1.0.2/stm32cubeide/plugins/com.st.stm32cube.ide.mcu.externaltools.gnu-tools-for-stm32.7-2018-q2-update.win32_1.0.0.201904181610/tools/bin/../lib/gcc/arm-none-eabi/7.3.1/../../../../arm-none-eabi/lib/thumb/v7e-m/fpv4-sp/hard\libc_nano.a(lib_a-malloc.o)
                0x0000000008007e88                free
 .text.__ascii_mbtowc
                0x0000000008007e98       0x24 c:/st/stm32cubeide_1.0.2/stm32cubeide/plugins/com.st.stm32cube.ide.mcu.externaltools.gnu-tools-for-stm32.7-2018-q2-update.win32_1.0.0.201904181610/tools/bin/../lib/gcc/arm-none-eabi/7.3.1/../../../../arm-none-eabi/lib/thumb/v7e-m/fpv4-sp/hard\libc_nano.a(lib_a-mbtowc_r.o)
                0x0000000008007e98                __ascii_mbtowc
 .text.memcpy   0x0000000008007ebc       0x16 c:/st/stm32cubeide_1.0.2/stm32cubeide/plugins/com.st.stm32cube.ide.mcu.externaltools.gnu-tools-for-stm32.7-2018-q2-update.win32_1.0.0.201904181610/tools/bin/../lib/gcc/arm-none-eabi/7.3.1/../../../../arm-none-eabi/lib/thumb/v7e-m/fpv4-sp/hard\libc_nano.a(lib_a-memcpy-stub.o)
                0x0000000008007ebc                memcpy
 .text.memmove  0x0000000008007ed2       0x32 c:/st/stm32cubeide_1.0.2/stm32cubeide/plugins/com.st.stm32cube.ide.mcu.externaltools.gnu-tools-for-stm32.7-2018-q2-update.win32_1.0.0.201904181610/tools/bin/../lib/gcc/arm-none-eabi/7.3.1/../../../../arm-none-eabi/lib/thumb/v7e-m/fpv4-sp/hard\libc_nano.a(lib_a-memmove.o)
                0x0000000008007ed2                memmove
 .text.memset   0x0000000008007f04       0x10 c:/st/stm32cubeide_1.0.2/stm32cubeide/plugins/com.st.stm32cube.ide.mcu.externaltools.gnu-tools-for-stm32.7-2018-q2-update.win32_1.0.0.201904181610/tools/bin/../lib/gcc/arm-none-eabi/7.3.1/../../../../arm-none-eabi/lib/thumb/v7e-m/fpv4-sp/hard\libc_nano.a(lib_a-memset.o)
                0x0000000008007f04                memset
 .text._free_r  0x0000000008007f14       0x9c c:/st/stm32cubeide_1.0.2/stm32cubeide/plugins/com.st.stm32cube.ide.mcu.externaltools.gnu-tools-for-stm32.7-2018-q2-update.win32_1.0.0.201904181610/tools/bin/../lib/gcc/arm-none-eabi/7.3.1/../../../../arm-none-eabi/lib/thumb/v7e-m/fpv4-sp/hard\libc_nano.a(lib_a-nano-freer.o)
                0x0000000008007f14                _free_r
 .text._malloc_r
                0x0000000008007fb0       0xb4 c:/st/stm32cubeide_1.0.2/stm32cubeide/plugins/com.st.stm32cube.ide.mcu.externaltools.gnu-tools-for-stm32.7-2018-q2-update.win32_1.0.0.201904181610/tools/bin/../lib/gcc/arm-none-eabi/7.3.1/../../../../arm-none-eabi/lib/thumb/v7e-m/fpv4-sp/hard\libc_nano.a(lib_a-nano-mallocr.o)
                0x0000000008007fb0                _malloc_r
 .text._sbrk_r  0x0000000008008064       0x20 c:/st/stm32cubeide_1.0.2/stm32cubeide/plugins/com.st.stm32cube.ide.mcu.externaltools.gnu-tools-for-stm32.7-2018-q2-update.win32_1.0.0.201904181610/tools/bin/../lib/gcc/arm-none-eabi/7.3.1/../../../../arm-none-eabi/lib/thumb/v7e-m/fpv4-sp/hard\libc_nano.a(lib_a-sbrkr.o)
                0x0000000008008064                _sbrk_r
 .text.strchr   0x0000000008008084       0x1a c:/st/stm32cubeide_1.0.2/stm32cubeide/plugins/com.st.stm32cube.ide.mcu.externaltools.gnu-tools-for-stm32.7-2018-q2-update.win32_1.0.0.201904181610/tools/bin/../lib/gcc/arm-none-eabi/7.3.1/../../../../arm-none-eabi/lib/thumb/v7e-m/fpv4-sp/hard\libc_nano.a(lib_a-strchr.o)
                0x0000000008008084                strchr
 .text.strncmp  0x000000000800809e       0x24 c:/st/stm32cubeide_1.0.2/stm32cubeide/plugins/com.st.stm32cube.ide.mcu.externaltools.gnu-tools-for-stm32.7-2018-q2-update.win32_1.0.0.201904181610/tools/bin/../lib/gcc/arm-none-eabi/7.3.1/../../../../arm-none-eabi/lib/thumb/v7e-m/fpv4-sp/hard\libc_nano.a(lib_a-strncmp.o)
                0x000000000800809e                strncmp
 .text._vsnprintf_r
                0x00000000080080c2       0x58 c:/st/stm32cubeide_1.0.2/stm32cubeide/plugins/com.st.stm32cube.ide.mcu.externaltools.gnu-tools-for-stm32.7-2018-q2-update.win32_1.0.0.201904181610/tools/bin/../lib/gcc/arm-none-eabi/7.3.1/../../../../arm-none-eabi/lib/thumb/v7e-m/fpv4-sp/hard\libc_nano.a(lib_a-vsnprintf.o)
                0x00000000080080c2                _vsniprintf_r
                0x00000000080080c2                _vsnprintf_r
 *fill*         0x000000000800811a        0x2 
 .text.vsnprintf
                0x000000000800811c       0x1c c:/st/stm32cubeide_1.0.2/stm32cubeide/plugins/com.st.stm32cube.ide.mcu.externaltools.gnu-tools-for-stm32.7-2018-q2-update.win32_1.0.0.201904181610/tools/bin/../lib/gcc/arm-none-eabi/7.3.1/../../../../arm-none-eabi/lib/thumb/v7e-m/fpv4-sp/hard\libc_nano.a(lib_a-vsnprintf.o)
                0x000000000800811c                vsniprintf
                0x000000000800811c                vsnprintf
 .text.__ascii_wctomb
                0x0000000008008138       0x1a c:/st/stm32cubeide_1.0.2/stm32cubeide/plugins/com.st.stm32cube.ide.mcu.externaltools.gnu-tools-for-stm32.7-2018-q2-update.win32_1.0.0.201904181610/tools/bin/../lib/gcc/arm-none-eabi/7.3.1/../../../../arm-none-eabi/lib/thumb/v7e-m/fpv4-sp/hard\libc_nano.a(lib_a-wctomb_r.o)
                0x0000000008008138                __ascii_wctomb
 .text.__malloc_lock
                0x0000000008008152        0x2 c:/st/stm32cubeide_1.0.2/stm32cubeide/plugins/com.st.stm32cube.ide.mcu.externaltools.gnu-tools-for-stm32.7-2018-q2-update.win32_1.0.0.201904181610/tools/bin/../lib/gcc/arm-none-eabi/7.3.1/../../../../arm-none-eabi/lib/thumb/v7e-m/fpv4-sp/hard\libc_nano.a(lib_a-mlock.o)
                0x0000000008008152                __malloc_lock
 .text.__malloc_unlock
                0x0000000008008154        0x2 c:/st/stm32cubeide_1.0.2/stm32cubeide/plugins/com.st.stm32cube.ide.mcu.externaltools.gnu-tools-for-stm32.7-2018-q2-update.win32_1.0.0.201904181610/tools/bin/../lib/gcc/arm-none-eabi/7.3.1/../../../../arm-none-eabi/lib/thumb/v7e-m/fpv4-sp/hard\libc_nano.a(lib_a-mlock.o)
                0x0000000008008154                __malloc_unlock
 .text.__ssputs_r
                0x0000000008008156       0xb4 c:/st/stm32cubeide_1.0.2/stm32cubeide/plugins/com.st.stm32cube.ide.mcu.externaltools.gnu-tools-for-stm32.7-2018-q2-update.win32_1.0.0.201904181610/tools/bin/../lib/gcc/arm-none-eabi/7.3.1/../../../../arm-none-eabi/lib/thumb/v7e-m/fpv4-sp/hard\libc_nano.a(lib_a-nano-svfprintf.o)
                0x0000000008008156                __ssputs_r
 *fill*         0x000000000800820a        0x2 
 .text._svfprintf_r
                0x000000000800820c      0x1f0 c:/st/stm32cubeide_1.0.2/stm32cubeide/plugins/com.st.stm32cube.ide.mcu.externaltools.gnu-tools-for-stm32.7-2018-q2-update.win32_1.0.0.201904181610/tools/bin/../lib/gcc/arm-none-eabi/7.3.1/../../../../arm-none-eabi/lib/thumb/v7e-m/fpv4-sp/hard\libc_nano.a(lib_a-nano-svfprintf.o)
                0x000000000800820c                _svfiprintf_r
                0x000000000800820c                _svfprintf_r
 .text._printf_common
                0x00000000080083fc       0xea c:/st/stm32cubeide_1.0.2/stm32cubeide/plugins/com.st.stm32cube.ide.mcu.externaltools.gnu-tools-for-stm32.7-2018-q2-update.win32_1.0.0.201904181610/tools/bin/../lib/gcc/arm-none-eabi/7.3.1/../../../../arm-none-eabi/lib/thumb/v7e-m/fpv4-sp/hard\libc_nano.a(lib_a-nano-vfprintf_i.o)
                0x00000000080083fc                _printf_common
 *fill*         0x00000000080084e6        0x2 
 .text._printf_i
                0x00000000080084e8      0x224 c:/st/stm32cubeide_1.0.2/stm32cubeide/plugins/com.st.stm32cube.ide.mcu.externaltools.gnu-tools-for-stm32.7-2018-q2-update.win32_1.0.0.201904181610/tools/bin/../lib/gcc/arm-none-eabi/7.3.1/../../../../arm-none-eabi/lib/thumb/v7e-m/fpv4-sp/hard\libc_nano.a(lib_a-nano-vfprintf_i.o)
                0x00000000080084e8                _printf_i
 .text._realloc_r
                0x000000000800870c       0x4c c:/st/stm32cubeide_1.0.2/stm32cubeide/plugins/com.st.stm32cube.ide.mcu.externaltools.gnu-tools-for-stm32.7-2018-q2-update.win32_1.0.0.201904181610/tools/bin/../lib/gcc/arm-none-eabi/7.3.1/../../../../arm-none-eabi/lib/thumb/v7e-m/fpv4-sp/hard\libc_nano.a(lib_a-nano-reallocr.o)
                0x000000000800870c                _realloc_r
 .text._malloc_usable_size_r
                0x0000000008008758       0x10 c:/st/stm32cubeide_1.0.2/stm32cubeide/plugins/com.st.stm32cube.ide.mcu.externaltools.gnu-tools-for-stm32.7-2018-q2-update.win32_1.0.0.201904181610/tools/bin/../lib/gcc/arm-none-eabi/7.3.1/../../../../arm-none-eabi/lib/thumb/v7e-m/fpv4-sp/hard\libc_nano.a(lib_a-nano-msizer.o)
                0x0000000008008758                _malloc_usable_size_r
 *(.glue_7)
 .glue_7        0x0000000008008768        0x0 linker stubs
 *(.glue_7t)
 .glue_7t       0x0000000008008768        0x0 linker stubs
 *(.eh_frame)
 .eh_frame      0x0000000008008768        0x0 c:/st/stm32cubeide_1.0.2/stm32cubeide/plugins/com.st.stm32cube.ide.mcu.externaltools.gnu-tools-for-stm32.7-2018-q2-update.win32_1.0.0.201904181610/tools/bin/../lib/gcc/arm-none-eabi/7.3.1/thumb/v7e-m/fpv4-sp/hard/crtbegin.o
 *(.init)
 .init          0x0000000008008768        0x4 c:/st/stm32cubeide_1.0.2/stm32cubeide/plugins/com.st.stm32cube.ide.mcu.externaltools.gnu-tools-for-stm32.7-2018-q2-update.win32_1.0.0.201904181610/tools/bin/../lib/gcc/arm-none-eabi/7.3.1/thumb/v7e-m/fpv4-sp/hard/crti.o
                0x0000000008008768                _init
 .init          0x000000000800876c        0x8 c:/st/stm32cubeide_1.0.2/stm32cubeide/plugins/com.st.stm32cube.ide.mcu.externaltools.gnu-tools-for-stm32.7-2018-q2-update.win32_1.0.0.201904181610/tools/bin/../lib/gcc/arm-none-eabi/7.3.1/thumb/v7e-m/fpv4-sp/hard/crtn.o
 *(.fini)
 .fini          0x0000000008008774        0x4 c:/st/stm32cubeide_1.0.2/stm32cubeide/plugins/com.st.stm32cube.ide.mcu.externaltools.gnu-tools-for-stm32.7-2018-q2-update.win32_1.0.0.201904181610/tools/bin/../lib/gcc/arm-none-eabi/7.3.1/thumb/v7e-m/fpv4-sp/hard/crti.o
                0x0000000008008774                _fini
 .fini          0x0000000008008778        0x8 c:/st/stm32cubeide_1.0.2/stm32cubeide/plugins/com.st.stm32cube.ide.mcu.externaltools.gnu-tools-for-stm32.7-2018-q2-update.win32_1.0.0.201904181610/tools/bin/../lib/gcc/arm-none-eabi/7.3.1/thumb/v7e-m/fpv4-sp/hard/crtn.o
                0x0000000008008780                . = ALIGN (0x4)
                0x0000000008008780                _etext = .

.vfp11_veneer   0x0000000008008780        0x0
 .vfp11_veneer  0x0000000008008780        0x0 linker stubs

.v4_bx          0x0000000008008780        0x0
 .v4_bx         0x0000000008008780        0x0 linker stubs

.iplt           0x0000000008008780        0x0
 .iplt          0x0000000008008780        0x0 c:/st/stm32cubeide_1.0.2/stm32cubeide/plugins/com.st.stm32cube.ide.mcu.externaltools.gnu-tools-for-stm32.7-2018-q2-update.win32_1.0.0.201904181610/tools/bin/../lib/gcc/arm-none-eabi/7.3.1/thumb/v7e-m/fpv4-sp/hard/crtbegin.o

.rodata         0x0000000008008780      0x538
                0x0000000008008780                . = ALIGN (0x4)
 *(.rodata)
 .rodata        0x0000000008008780       0xc1 Src/example.o
 *fill*         0x0000000008008841        0x3 
 .rodata        0x0000000008008844       0x25 note-c/n_cjson.o
 *fill*         0x0000000008008869        0x3 
 .rodata        0x000000000800886c       0x29 note-c/n_hooks.o
 *fill*         0x0000000008008895        0x3 
 .rodata        0x0000000008008898       0x84 note-c/n_request.o
 .rodata        0x000000000800891c      0x1b5 note-c/n_serial.o
 *(.rodata*)
 *fill*         0x0000000008008ad1        0x3 
 .rodata.AHBPrescTable
                0x0000000008008ad4       0x10 Src/system_stm32l4xx.o
                0x0000000008008ad4                AHBPrescTable
 .rodata.APBPrescTable
                0x0000000008008ae4        0x8 Src/system_stm32l4xx.o
                0x0000000008008ae4                APBPrescTable
 .rodata.MSIRangeTable
                0x0000000008008aec       0x30 Src/system_stm32l4xx.o
                0x0000000008008aec                MSIRangeTable
 .rodata.default_buffer_size.8485
                0x0000000008008b1c        0x4 note-c/n_cjson.o
 .rodata.rounders
                0x0000000008008b20       0x58 note-c/n_ftoa.o
 .rodata._setlocale_r.str1.1
                0x0000000008008b78        0x8 c:/st/stm32cubeide_1.0.2/stm32cubeide/plugins/com.st.stm32cube.ide.mcu.externaltools.gnu-tools-for-stm32.7-2018-q2-update.win32_1.0.0.201904181610/tools/bin/../lib/gcc/arm-none-eabi/7.3.1/../../../../arm-none-eabi/lib/thumb/v7e-m/fpv4-sp/hard\libc_nano.a(lib_a-locale.o)
                                          0x9 (size before relaxing)
 .rodata.str1.1
                0x0000000008008b80        0x2 c:/st/stm32cubeide_1.0.2/stm32cubeide/plugins/com.st.stm32cube.ide.mcu.externaltools.gnu-tools-for-stm32.7-2018-q2-update.win32_1.0.0.201904181610/tools/bin/../lib/gcc/arm-none-eabi/7.3.1/../../../../arm-none-eabi/lib/thumb/v7e-m/fpv4-sp/hard\libc_nano.a(lib_a-locale.o)
 .rodata._ctype_
                0x0000000008008b82      0x101 c:/st/stm32cubeide_1.0.2/stm32cubeide/plugins/com.st.stm32cube.ide.mcu.externaltools.gnu-tools-for-stm32.7-2018-q2-update.win32_1.0.0.201904181610/tools/bin/../lib/gcc/arm-none-eabi/7.3.1/../../../../arm-none-eabi/lib/thumb/v7e-m/fpv4-sp/hard\libc_nano.a(lib_a-ctype_.o)
                0x0000000008008b82                _ctype_
 .rodata._svfprintf_r.str1.1
                0x0000000008008c83       0x11 c:/st/stm32cubeide_1.0.2/stm32cubeide/plugins/com.st.stm32cube.ide.mcu.externaltools.gnu-tools-for-stm32.7-2018-q2-update.win32_1.0.0.201904181610/tools/bin/../lib/gcc/arm-none-eabi/7.3.1/../../../../arm-none-eabi/lib/thumb/v7e-m/fpv4-sp/hard\libc_nano.a(lib_a-nano-svfprintf.o)
 .rodata._printf_i.str1.1
                0x0000000008008c94       0x22 c:/st/stm32cubeide_1.0.2/stm32cubeide/plugins/com.st.stm32cube.ide.mcu.externaltools.gnu-tools-for-stm32.7-2018-q2-update.win32_1.0.0.201904181610/tools/bin/../lib/gcc/arm-none-eabi/7.3.1/../../../../arm-none-eabi/lib/thumb/v7e-m/fpv4-sp/hard\libc_nano.a(lib_a-nano-vfprintf_i.o)
                0x0000000008008cb8                . = ALIGN (0x4)
 *fill*         0x0000000008008cb6        0x2 

.ARM.extab      0x0000000008008cb8        0x0
                0x0000000008008cb8                . = ALIGN (0x4)
 *(.ARM.extab* .gnu.linkonce.armextab.*)
                0x0000000008008cb8                . = ALIGN (0x4)

.ARM            0x0000000008008cb8        0x8
                0x0000000008008cb8                . = ALIGN (0x4)
                0x0000000008008cb8                __exidx_start = .
 *(.ARM.exidx*)
 .ARM.exidx     0x0000000008008cb8        0x8 c:/st/stm32cubeide_1.0.2/stm32cubeide/plugins/com.st.stm32cube.ide.mcu.externaltools.gnu-tools-for-stm32.7-2018-q2-update.win32_1.0.0.201904181610/tools/bin/../lib/gcc/arm-none-eabi/7.3.1/thumb/v7e-m/fpv4-sp/hard\libgcc.a(_udivmoddi4.o)
                0x0000000008008cc0                __exidx_end = .
                0x0000000008008cc0                . = ALIGN (0x4)

.rel.dyn        0x0000000008008cc0        0x0
 .rel.iplt      0x0000000008008cc0        0x0 c:/st/stm32cubeide_1.0.2/stm32cubeide/plugins/com.st.stm32cube.ide.mcu.externaltools.gnu-tools-for-stm32.7-2018-q2-update.win32_1.0.0.201904181610/tools/bin/../lib/gcc/arm-none-eabi/7.3.1/thumb/v7e-m/fpv4-sp/hard/crtbegin.o

.preinit_array  0x0000000008008cc0        0x0
                0x0000000008008cc0                . = ALIGN (0x4)
                0x0000000008008cc0                PROVIDE (__preinit_array_start = .)
 *(.preinit_array*)
                0x0000000008008cc0                PROVIDE (__preinit_array_end = .)
                0x0000000008008cc0                . = ALIGN (0x4)

.init_array     0x0000000008008cc0        0x4
                0x0000000008008cc0                . = ALIGN (0x4)
                0x0000000008008cc0                PROVIDE (__init_array_start = .)
 *(SORT_BY_NAME(.init_array.*))
 *(.init_array*)
 .init_array    0x0000000008008cc0        0x4 c:/st/stm32cubeide_1.0.2/stm32cubeide/plugins/com.st.stm32cube.ide.mcu.externaltools.gnu-tools-for-stm32.7-2018-q2-update.win32_1.0.0.201904181610/tools/bin/../lib/gcc/arm-none-eabi/7.3.1/thumb/v7e-m/fpv4-sp/hard/crtbegin.o
                0x0000000008008cc4                PROVIDE (__init_array_end = .)
                0x0000000008008cc4                . = ALIGN (0x4)

.fini_array     0x0000000008008cc4        0x4
                0x0000000008008cc4                . = ALIGN (0x4)
                [!provide]                        PROVIDE (__fini_array_start = .)
 *(SORT_BY_NAME(.fini_array.*))
 *(.fini_array*)
 .fini_array    0x0000000008008cc4        0x4 c:/st/stm32cubeide_1.0.2/stm32cubeide/plugins/com.st.stm32cube.ide.mcu.externaltools.gnu-tools-for-stm32.7-2018-q2-update.win32_1.0.0.201904181610/tools/bin/../lib/gcc/arm-none-eabi/7.3.1/thumb/v7e-m/fpv4-sp/hard/crtbegin.o
                [!provide]                        PROVIDE (__fini_array_end = .)
                0x0000000008008cc8                . = ALIGN (0x4)
                0x0000000008008cc8                _sidata = LOADADDR (.data)

.data           0x0000000020000000      0x238 load address 0x0000000008008cc8
                0x0000000020000000                . = ALIGN (0x4)
                0x0000000020000000                _sdata = .
 *(.data)
 *(.data*)
 .data.uwTickPrio
                0x0000000020000000        0x4 Drivers/STM32L4xx_HAL_Driver/Src/stm32l4xx_hal.o
                0x0000000020000000                uwTickPrio
 .data.uwTickFreq
                0x0000000020000004        0x4 Drivers/STM32L4xx_HAL_Driver/Src/stm32l4xx_hal.o
                0x0000000020000004                uwTickFreq
 .data.SystemCoreClock
                0x0000000020000008        0x4 Src/system_stm32l4xx.o
                0x0000000020000008                SystemCoreClock
 .data.maxExponent
                0x000000002000000c        0x4 note-c/n_atof.o
 .data.powersOf10
                0x0000000020000010       0x48 note-c/n_atof.o
 .data.global_hooks
                0x0000000020000058        0xc note-c/n_cjson.o
 .data.resetRequired
                0x0000000020000064        0x1 note-c/n_request.o
 *fill*         0x0000000020000065        0x3 
 .data._impure_ptr
                0x0000000020000068        0x4 c:/st/stm32cubeide_1.0.2/stm32cubeide/plugins/com.st.stm32cube.ide.mcu.externaltools.gnu-tools-for-stm32.7-2018-q2-update.win32_1.0.0.201904181610/tools/bin/../lib/gcc/arm-none-eabi/7.3.1/../../../../arm-none-eabi/lib/thumb/v7e-m/fpv4-sp/hard\libc_nano.a(lib_a-impure.o)
                0x0000000020000068                _impure_ptr
 .data.impure_data
                0x000000002000006c       0x60 c:/st/stm32cubeide_1.0.2/stm32cubeide/plugins/com.st.stm32cube.ide.mcu.externaltools.gnu-tools-for-stm32.7-2018-q2-update.win32_1.0.0.201904181610/tools/bin/../lib/gcc/arm-none-eabi/7.3.1/../../../../arm-none-eabi/lib/thumb/v7e-m/fpv4-sp/hard\libc_nano.a(lib_a-impure.o)
 .data.__global_locale
                0x00000000200000cc      0x16c c:/st/stm32cubeide_1.0.2/stm32cubeide/plugins/com.st.stm32cube.ide.mcu.externaltools.gnu-tools-for-stm32.7-2018-q2-update.win32_1.0.0.201904181610/tools/bin/../lib/gcc/arm-none-eabi/7.3.1/../../../../arm-none-eabi/lib/thumb/v7e-m/fpv4-sp/hard\libc_nano.a(lib_a-locale.o)
                0x00000000200000cc                __global_locale
                0x0000000020000238                . = ALIGN (0x4)
                0x0000000020000238                _edata = .

.igot.plt       0x0000000020000238        0x0 load address 0x0000000008008f00
 .igot.plt      0x0000000020000238        0x0 c:/st/stm32cubeide_1.0.2/stm32cubeide/plugins/com.st.stm32cube.ide.mcu.externaltools.gnu-tools-for-stm32.7-2018-q2-update.win32_1.0.0.201904181610/tools/bin/../lib/gcc/arm-none-eabi/7.3.1/thumb/v7e-m/fpv4-sp/hard/crtbegin.o
                0x0000000020000238                . = ALIGN (0x4)

.bss            0x0000000020000238      0x398 load address 0x0000000008008f00
                0x0000000020000238                _sbss = .
                0x0000000020000238                __bss_start__ = _sbss
 *(.bss)
 .bss           0x0000000020000238       0x1c c:/st/stm32cubeide_1.0.2/stm32cubeide/plugins/com.st.stm32cube.ide.mcu.externaltools.gnu-tools-for-stm32.7-2018-q2-update.win32_1.0.0.201904181610/tools/bin/../lib/gcc/arm-none-eabi/7.3.1/thumb/v7e-m/fpv4-sp/hard/crtbegin.o
 *(.bss*)
 .bss.eventsThatHappened
                0x0000000020000254        0x4 Src/event.o
 .bss.eventTimerExpiresMs
                0x0000000020000258        0x4 Src/event.o
 .bss.eventCounter.8631
                0x000000002000025c        0x4 Src/example.o
 .bss.i2c1Initialized
                0x0000000020000260        0x1 Src/main.o
                0x0000000020000260                i2c1Initialized
 .bss.uart1Initialized
                0x0000000020000261        0x1 Src/main.o
                0x0000000020000261                uart1Initialized
 *fill*         0x0000000020000262        0x2 
 .bss.totalTimerMs
                0x0000000020000264        0x4 Src/main.o
                0x0000000020000264                totalTimerMs
 .bss.serialInterruptBuffer
                0x0000000020000268        0x1 Src/main.o
 *fill*         0x0000000020000269        0x3 
 .bss.serialFillIndex
                0x000000002000026c        0x4 Src/main.o
 .bss.serialDrainIndex
                0x0000000020000270        0x4 Src/main.o
 .bss.serialOverruns
                0x0000000020000274        0x4 Src/main.o
 .bss.serialBuffer
                0x0000000020000278      0x200 Src/main.o
 .bss.heap_end.6424
                0x0000000020000478        0x4 Src/sysmem.o
 .bss.global_error
                0x000000002000047c        0x8 note-c/n_cjson.o
 .bss.hookDebugOutput
                0x0000000020000484        0x4 note-c/n_hooks.o
                0x0000000020000484                hookDebugOutput
 .bss.hookLockNote
                0x0000000020000488        0x4 note-c/n_hooks.o
                0x0000000020000488                hookLockNote
 .bss.hookUnlockNote
                0x000000002000048c        0x4 note-c/n_hooks.o
                0x000000002000048c                hookUnlockNote
 .bss.hookMalloc
                0x0000000020000490        0x4 note-c/n_hooks.o
                0x0000000020000490                hookMalloc
 .bss.hookFree  0x0000000020000494        0x4 note-c/n_hooks.o
                0x0000000020000494                hookFree
 .bss.hookDelayMs
                0x0000000020000498        0x4 note-c/n_hooks.o
                0x0000000020000498                hookDelayMs
 .bss.hookGetMs
                0x000000002000049c        0x4 note-c/n_hooks.o
                0x000000002000049c                hookGetMs
 .bss.hookActiveInterface
                0x00000000200004a0        0x4 note-c/n_hooks.o
                0x00000000200004a0                hookActiveInterface
 .bss.hookSerialReset
                0x00000000200004a4        0x4 note-c/n_hooks.o
                0x00000000200004a4                hookSerialReset
 .bss.hookSerialTransmit
                0x00000000200004a8        0x4 note-c/n_hooks.o
                0x00000000200004a8                hookSerialTransmit
 .bss.hookSerialAvailable
                0x00000000200004ac        0x4 note-c/n_hooks.o
                0x00000000200004ac                hookSerialAvailable
 .bss.hookSerialReceive
                0x00000000200004b0        0x4 note-c/n_hooks.o
                0x00000000200004b0                hookSerialReceive
 .bss.notecardReset
                0x00000000200004b4        0x4 note-c/n_hooks.o
 .bss.notecardTransaction
                0x00000000200004b8        0x4 note-c/n_hooks.o
 .bss.__malloc_free_list
                0x00000000200004bc        0x4 c:/st/stm32cubeide_1.0.2/stm32cubeide/plugins/com.st.stm32cube.ide.mcu.externaltools.gnu-tools-for-stm32.7-2018-q2-update.win32_1.0.0.201904181610/tools/bin/../lib/gcc/arm-none-eabi/7.3.1/../../../../arm-none-eabi/lib/thumb/v7e-m/fpv4-sp/hard\libc_nano.a(lib_a-nano-mallocr.o)
                0x00000000200004bc                __malloc_free_list
 .bss.__malloc_sbrk_start
                0x00000000200004c0        0x4 c:/st/stm32cubeide_1.0.2/stm32cubeide/plugins/com.st.stm32cube.ide.mcu.externaltools.gnu-tools-for-stm32.7-2018-q2-update.win32_1.0.0.201904181610/tools/bin/../lib/gcc/arm-none-eabi/7.3.1/../../../../arm-none-eabi/lib/thumb/v7e-m/fpv4-sp/hard\libc_nano.a(lib_a-nano-mallocr.o)
                0x00000000200004c0                __malloc_sbrk_start
 *(COMMON)
 COMMON         0x00000000200004c4        0x4 Drivers/STM32L4xx_HAL_Driver/Src/stm32l4xx_hal.o
                0x00000000200004c4                uwTick
 COMMON         0x00000000200004c8      0x104 Src/main.o
                0x00000000200004c8                hi2c1
                0x0000000020000514                huart1
                0x0000000020000594                hlptim1
 COMMON         0x00000000200005cc        0x4 c:/st/stm32cubeide_1.0.2/stm32cubeide/plugins/com.st.stm32cube.ide.mcu.externaltools.gnu-tools-for-stm32.7-2018-q2-update.win32_1.0.0.201904181610/tools/bin/../lib/gcc/arm-none-eabi/7.3.1/../../../../arm-none-eabi/lib/thumb/v7e-m/fpv4-sp/hard\libc_nano.a(lib_a-reent.o)
                0x00000000200005cc                errno
                0x00000000200005d0                . = ALIGN (0x4)
                0x00000000200005d0                _ebss = .
                0x00000000200005d0                __bss_end__ = _ebss

._user_heap_stack
                0x00000000200005d0      0x600 load address 0x0000000008008f00
                0x00000000200005d0                . = ALIGN (0x8)
                0x00000000200005d0                PROVIDE (end = .)
                [!provide]                        PROVIDE (_end = .)
                0x00000000200007d0                . = (. + _Min_Heap_Size)
 *fill*         0x00000000200005d0      0x200 
                0x0000000020000bd0                . = (. + _Min_Stack_Size)
 *fill*         0x00000000200007d0      0x400 
                0x0000000020000bd0                . = ALIGN (0x8)

/DISCARD/
 libc.a(*)
 libm.a(*)
 libgcc.a(*)

.ARM.attributes
                0x0000000000000000       0x30
 *(.ARM.attributes)
 .ARM.attributes
                0x0000000000000000       0x22 c:/st/stm32cubeide_1.0.2/stm32cubeide/plugins/com.st.stm32cube.ide.mcu.externaltools.gnu-tools-for-stm32.7-2018-q2-update.win32_1.0.0.201904181610/tools/bin/../lib/gcc/arm-none-eabi/7.3.1/thumb/v7e-m/fpv4-sp/hard/crti.o
 .ARM.attributes
                0x0000000000000022       0x34 c:/st/stm32cubeide_1.0.2/stm32cubeide/plugins/com.st.stm32cube.ide.mcu.externaltools.gnu-tools-for-stm32.7-2018-q2-update.win32_1.0.0.201904181610/tools/bin/../lib/gcc/arm-none-eabi/7.3.1/thumb/v7e-m/fpv4-sp/hard/crtbegin.o
 .ARM.attributes
                0x0000000000000056       0x39 Drivers/STM32L4xx_HAL_Driver/Src/stm32l4xx_hal.o
 .ARM.attributes
                0x000000000000008f       0x39 Drivers/STM32L4xx_HAL_Driver/Src/stm32l4xx_hal_cortex.o
 .ARM.attributes
                0x00000000000000c8       0x39 Drivers/STM32L4xx_HAL_Driver/Src/stm32l4xx_hal_dma.o
 .ARM.attributes
                0x0000000000000101       0x39 Drivers/STM32L4xx_HAL_Driver/Src/stm32l4xx_hal_gpio.o
 .ARM.attributes
                0x000000000000013a       0x39 Drivers/STM32L4xx_HAL_Driver/Src/stm32l4xx_hal_i2c.o
 .ARM.attributes
                0x0000000000000173       0x39 Drivers/STM32L4xx_HAL_Driver/Src/stm32l4xx_hal_i2c_ex.o
 .ARM.attributes
                0x00000000000001ac       0x39 Drivers/STM32L4xx_HAL_Driver/Src/stm32l4xx_hal_lptim.o
 .ARM.attributes
                0x00000000000001e5       0x39 Drivers/STM32L4xx_HAL_Driver/Src/stm32l4xx_hal_pwr.o
 .ARM.attributes
                0x000000000000021e       0x39 Drivers/STM32L4xx_HAL_Driver/Src/stm32l4xx_hal_pwr_ex.o
 .ARM.attributes
                0x0000000000000257       0x39 Drivers/STM32L4xx_HAL_Driver/Src/stm32l4xx_hal_rcc.o
 .ARM.attributes
                0x0000000000000290       0x39 Drivers/STM32L4xx_HAL_Driver/Src/stm32l4xx_hal_rcc_ex.o
 .ARM.attributes
                0x00000000000002c9       0x39 Drivers/STM32L4xx_HAL_Driver/Src/stm32l4xx_hal_uart.o
 .ARM.attributes
                0x0000000000000302       0x39 Drivers/STM32L4xx_HAL_Driver/Src/stm32l4xx_hal_uart_ex.o
 .ARM.attributes
                0x000000000000033b       0x39 Src/event.o
 .ARM.attributes
                0x0000000000000374       0x39 Src/example.o
 .ARM.attributes
                0x00000000000003ad       0x39 Src/main.o
 .ARM.attributes
                0x00000000000003e6       0x39 Src/stm32l4xx_hal_msp.o
 .ARM.attributes
                0x000000000000041f       0x39 Src/stm32l4xx_it.o
 .ARM.attributes
                0x0000000000000458       0x39 Src/sysmem.o
 .ARM.attributes
                0x0000000000000491       0x39 Src/system_stm32l4xx.o
 .ARM.attributes
                0x00000000000004ca       0x21 Startup/startup_stm32l432kcux.o
 .ARM.attributes
                0x00000000000004eb       0x39 note-c/n_atof.o
 .ARM.attributes
                0x0000000000000524       0x39 note-c/n_cjson.o
 .ARM.attributes
                0x000000000000055d       0x39 note-c/n_cjson_helpers.o
 .ARM.attributes
                0x0000000000000596       0x39 note-c/n_ftoa.o
 .ARM.attributes
                0x00000000000005cf       0x39 note-c/n_hooks.o
 .ARM.attributes
                0x0000000000000608       0x39 note-c/n_request.o
 .ARM.attributes
                0x0000000000000641       0x39 note-c/n_serial.o
 .ARM.attributes
                0x000000000000067a       0x34 c:/st/stm32cubeide_1.0.2/stm32cubeide/plugins/com.st.stm32cube.ide.mcu.externaltools.gnu-tools-for-stm32.7-2018-q2-update.win32_1.0.0.201904181610/tools/bin/../lib/gcc/arm-none-eabi/7.3.1/../../../../arm-none-eabi/lib/thumb/v7e-m/fpv4-sp/hard\libc_nano.a(lib_a-errno.o)
 .ARM.attributes
                0x00000000000006ae       0x34 c:/st/stm32cubeide_1.0.2/stm32cubeide/plugins/com.st.stm32cube.ide.mcu.externaltools.gnu-tools-for-stm32.7-2018-q2-update.win32_1.0.0.201904181610/tools/bin/../lib/gcc/arm-none-eabi/7.3.1/../../../../arm-none-eabi/lib/thumb/v7e-m/fpv4-sp/hard\libc_nano.a(lib_a-impure.o)
 .ARM.attributes
                0x00000000000006e2       0x34 c:/st/stm32cubeide_1.0.2/stm32cubeide/plugins/com.st.stm32cube.ide.mcu.externaltools.gnu-tools-for-stm32.7-2018-q2-update.win32_1.0.0.201904181610/tools/bin/../lib/gcc/arm-none-eabi/7.3.1/../../../../arm-none-eabi/lib/thumb/v7e-m/fpv4-sp/hard\libc_nano.a(lib_a-init.o)
 .ARM.attributes
                0x0000000000000716       0x34 c:/st/stm32cubeide_1.0.2/stm32cubeide/plugins/com.st.stm32cube.ide.mcu.externaltools.gnu-tools-for-stm32.7-2018-q2-update.win32_1.0.0.201904181610/tools/bin/../lib/gcc/arm-none-eabi/7.3.1/../../../../arm-none-eabi/lib/thumb/v7e-m/fpv4-sp/hard\libc_nano.a(lib_a-locale.o)
 .ARM.attributes
                0x000000000000074a       0x34 c:/st/stm32cubeide_1.0.2/stm32cubeide/plugins/com.st.stm32cube.ide.mcu.externaltools.gnu-tools-for-stm32.7-2018-q2-update.win32_1.0.0.201904181610/tools/bin/../lib/gcc/arm-none-eabi/7.3.1/../../../../arm-none-eabi/lib/thumb/v7e-m/fpv4-sp/hard\libc_nano.a(lib_a-malloc.o)
 .ARM.attributes
                0x000000000000077e       0x34 c:/st/stm32cubeide_1.0.2/stm32cubeide/plugins/com.st.stm32cube.ide.mcu.externaltools.gnu-tools-for-stm32.7-2018-q2-update.win32_1.0.0.201904181610/tools/bin/../lib/gcc/arm-none-eabi/7.3.1/../../../../arm-none-eabi/lib/thumb/v7e-m/fpv4-sp/hard\libc_nano.a(lib_a-mbtowc_r.o)
 .ARM.attributes
                0x00000000000007b2       0x34 c:/st/stm32cubeide_1.0.2/stm32cubeide/plugins/com.st.stm32cube.ide.mcu.externaltools.gnu-tools-for-stm32.7-2018-q2-update.win32_1.0.0.201904181610/tools/bin/../lib/gcc/arm-none-eabi/7.3.1/../../../../arm-none-eabi/lib/thumb/v7e-m/fpv4-sp/hard\libc_nano.a(lib_a-memcpy-stub.o)
 .ARM.attributes
                0x00000000000007e6       0x34 c:/st/stm32cubeide_1.0.2/stm32cubeide/plugins/com.st.stm32cube.ide.mcu.externaltools.gnu-tools-for-stm32.7-2018-q2-update.win32_1.0.0.201904181610/tools/bin/../lib/gcc/arm-none-eabi/7.3.1/../../../../arm-none-eabi/lib/thumb/v7e-m/fpv4-sp/hard\libc_nano.a(lib_a-memmove.o)
 .ARM.attributes
                0x000000000000081a       0x34 c:/st/stm32cubeide_1.0.2/stm32cubeide/plugins/com.st.stm32cube.ide.mcu.externaltools.gnu-tools-for-stm32.7-2018-q2-update.win32_1.0.0.201904181610/tools/bin/../lib/gcc/arm-none-eabi/7.3.1/../../../../arm-none-eabi/lib/thumb/v7e-m/fpv4-sp/hard\libc_nano.a(lib_a-memset.o)
 .ARM.attributes
                0x000000000000084e       0x34 c:/st/stm32cubeide_1.0.2/stm32cubeide/plugins/com.st.stm32cube.ide.mcu.externaltools.gnu-tools-for-stm32.7-2018-q2-update.win32_1.0.0.201904181610/tools/bin/../lib/gcc/arm-none-eabi/7.3.1/../../../../arm-none-eabi/lib/thumb/v7e-m/fpv4-sp/hard\libc_nano.a(lib_a-nano-freer.o)
 .ARM.attributes
                0x0000000000000882       0x34 c:/st/stm32cubeide_1.0.2/stm32cubeide/plugins/com.st.stm32cube.ide.mcu.externaltools.gnu-tools-for-stm32.7-2018-q2-update.win32_1.0.0.201904181610/tools/bin/../lib/gcc/arm-none-eabi/7.3.1/../../../../arm-none-eabi/lib/thumb/v7e-m/fpv4-sp/hard\libc_nano.a(lib_a-nano-mallocr.o)
 .ARM.attributes
                0x00000000000008b6       0x34 c:/st/stm32cubeide_1.0.2/stm32cubeide/plugins/com.st.stm32cube.ide.mcu.externaltools.gnu-tools-for-stm32.7-2018-q2-update.win32_1.0.0.201904181610/tools/bin/../lib/gcc/arm-none-eabi/7.3.1/../../../../arm-none-eabi/lib/thumb/v7e-m/fpv4-sp/hard\libc_nano.a(lib_a-sbrkr.o)
 .ARM.attributes
                0x00000000000008ea       0x34 c:/st/stm32cubeide_1.0.2/stm32cubeide/plugins/com.st.stm32cube.ide.mcu.externaltools.gnu-tools-for-stm32.7-2018-q2-update.win32_1.0.0.201904181610/tools/bin/../lib/gcc/arm-none-eabi/7.3.1/../../../../arm-none-eabi/lib/thumb/v7e-m/fpv4-sp/hard\libc_nano.a(lib_a-strchr.o)
 .ARM.attributes
                0x000000000000091e       0x20 c:/st/stm32cubeide_1.0.2/stm32cubeide/plugins/com.st.stm32cube.ide.mcu.externaltools.gnu-tools-for-stm32.7-2018-q2-update.win32_1.0.0.201904181610/tools/bin/../lib/gcc/arm-none-eabi/7.3.1/../../../../arm-none-eabi/lib/thumb/v7e-m/fpv4-sp/hard\libc_nano.a(lib_a-strcmp.o)
 .ARM.attributes
                0x000000000000093e       0x1b c:/st/stm32cubeide_1.0.2/stm32cubeide/plugins/com.st.stm32cube.ide.mcu.externaltools.gnu-tools-for-stm32.7-2018-q2-update.win32_1.0.0.201904181610/tools/bin/../lib/gcc/arm-none-eabi/7.3.1/../../../../arm-none-eabi/lib/thumb/v7e-m/fpv4-sp/hard\libc_nano.a(lib_a-strlen.o)
 .ARM.attributes
                0x0000000000000959       0x34 c:/st/stm32cubeide_1.0.2/stm32cubeide/plugins/com.st.stm32cube.ide.mcu.externaltools.gnu-tools-for-stm32.7-2018-q2-update.win32_1.0.0.201904181610/tools/bin/../lib/gcc/arm-none-eabi/7.3.1/../../../../arm-none-eabi/lib/thumb/v7e-m/fpv4-sp/hard\libc_nano.a(lib_a-strncmp.o)
 .ARM.attributes
                0x000000000000098d       0x34 c:/st/stm32cubeide_1.0.2/stm32cubeide/plugins/com.st.stm32cube.ide.mcu.externaltools.gnu-tools-for-stm32.7-2018-q2-update.win32_1.0.0.201904181610/tools/bin/../lib/gcc/arm-none-eabi/7.3.1/../../../../arm-none-eabi/lib/thumb/v7e-m/fpv4-sp/hard\libc_nano.a(lib_a-vsnprintf.o)
 .ARM.attributes
                0x00000000000009c1       0x34 c:/st/stm32cubeide_1.0.2/stm32cubeide/plugins/com.st.stm32cube.ide.mcu.externaltools.gnu-tools-for-stm32.7-2018-q2-update.win32_1.0.0.201904181610/tools/bin/../lib/gcc/arm-none-eabi/7.3.1/../../../../arm-none-eabi/lib/thumb/v7e-m/fpv4-sp/hard\libc_nano.a(lib_a-wctomb_r.o)
 .ARM.attributes
                0x00000000000009f5       0x34 c:/st/stm32cubeide_1.0.2/stm32cubeide/plugins/com.st.stm32cube.ide.mcu.externaltools.gnu-tools-for-stm32.7-2018-q2-update.win32_1.0.0.201904181610/tools/bin/../lib/gcc/arm-none-eabi/7.3.1/../../../../arm-none-eabi/lib/thumb/v7e-m/fpv4-sp/hard\libc_nano.a(lib_a-ctype_.o)
 .ARM.attributes
                0x0000000000000a29       0x34 c:/st/stm32cubeide_1.0.2/stm32cubeide/plugins/com.st.stm32cube.ide.mcu.externaltools.gnu-tools-for-stm32.7-2018-q2-update.win32_1.0.0.201904181610/tools/bin/../lib/gcc/arm-none-eabi/7.3.1/../../../../arm-none-eabi/lib/thumb/v7e-m/fpv4-sp/hard\libc_nano.a(lib_a-mlock.o)
 .ARM.attributes
                0x0000000000000a5d       0x34 c:/st/stm32cubeide_1.0.2/stm32cubeide/plugins/com.st.stm32cube.ide.mcu.externaltools.gnu-tools-for-stm32.7-2018-q2-update.win32_1.0.0.201904181610/tools/bin/../lib/gcc/arm-none-eabi/7.3.1/../../../../arm-none-eabi/lib/thumb/v7e-m/fpv4-sp/hard\libc_nano.a(lib_a-nano-svfprintf.o)
 .ARM.attributes
                0x0000000000000a91       0x34 c:/st/stm32cubeide_1.0.2/stm32cubeide/plugins/com.st.stm32cube.ide.mcu.externaltools.gnu-tools-for-stm32.7-2018-q2-update.win32_1.0.0.201904181610/tools/bin/../lib/gcc/arm-none-eabi/7.3.1/../../../../arm-none-eabi/lib/thumb/v7e-m/fpv4-sp/hard\libc_nano.a(lib_a-nano-vfprintf_i.o)
 .ARM.attributes
                0x0000000000000ac5       0x34 c:/st/stm32cubeide_1.0.2/stm32cubeide/plugins/com.st.stm32cube.ide.mcu.externaltools.gnu-tools-for-stm32.7-2018-q2-update.win32_1.0.0.201904181610/tools/bin/../lib/gcc/arm-none-eabi/7.3.1/../../../../arm-none-eabi/lib/thumb/v7e-m/fpv4-sp/hard\libc_nano.a(lib_a-reent.o)
 .ARM.attributes
                0x0000000000000af9       0x20 c:/st/stm32cubeide_1.0.2/stm32cubeide/plugins/com.st.stm32cube.ide.mcu.externaltools.gnu-tools-for-stm32.7-2018-q2-update.win32_1.0.0.201904181610/tools/bin/../lib/gcc/arm-none-eabi/7.3.1/../../../../arm-none-eabi/lib/thumb/v7e-m/fpv4-sp/hard\libc_nano.a(lib_a-memchr.o)
 .ARM.attributes
                0x0000000000000b19       0x34 c:/st/stm32cubeide_1.0.2/stm32cubeide/plugins/com.st.stm32cube.ide.mcu.externaltools.gnu-tools-for-stm32.7-2018-q2-update.win32_1.0.0.201904181610/tools/bin/../lib/gcc/arm-none-eabi/7.3.1/../../../../arm-none-eabi/lib/thumb/v7e-m/fpv4-sp/hard\libc_nano.a(lib_a-nano-reallocr.o)
 .ARM.attributes
                0x0000000000000b4d       0x34 c:/st/stm32cubeide_1.0.2/stm32cubeide/plugins/com.st.stm32cube.ide.mcu.externaltools.gnu-tools-for-stm32.7-2018-q2-update.win32_1.0.0.201904181610/tools/bin/../lib/gcc/arm-none-eabi/7.3.1/../../../../arm-none-eabi/lib/thumb/v7e-m/fpv4-sp/hard\libc_nano.a(lib_a-nano-msizer.o)
 .ARM.attributes
                0x0000000000000b81       0x22 c:/st/stm32cubeide_1.0.2/stm32cubeide/plugins/com.st.stm32cube.ide.mcu.externaltools.gnu-tools-for-stm32.7-2018-q2-update.win32_1.0.0.201904181610/tools/bin/../lib/gcc/arm-none-eabi/7.3.1/thumb/v7e-m/fpv4-sp/hard\libgcc.a(_arm_addsubdf3.o)
 .ARM.attributes
                0x0000000000000ba3       0x22 c:/st/stm32cubeide_1.0.2/stm32cubeide/plugins/com.st.stm32cube.ide.mcu.externaltools.gnu-tools-for-stm32.7-2018-q2-update.win32_1.0.0.201904181610/tools/bin/../lib/gcc/arm-none-eabi/7.3.1/thumb/v7e-m/fpv4-sp/hard\libgcc.a(_arm_muldivdf3.o)
 .ARM.attributes
                0x0000000000000bc5       0x22 c:/st/stm32cubeide_1.0.2/stm32cubeide/plugins/com.st.stm32cube.ide.mcu.externaltools.gnu-tools-for-stm32.7-2018-q2-update.win32_1.0.0.201904181610/tools/bin/../lib/gcc/arm-none-eabi/7.3.1/thumb/v7e-m/fpv4-sp/hard\libgcc.a(_arm_cmpdf2.o)
 .ARM.attributes
                0x0000000000000be7       0x22 c:/st/stm32cubeide_1.0.2/stm32cubeide/plugins/com.st.stm32cube.ide.mcu.externaltools.gnu-tools-for-stm32.7-2018-q2-update.win32_1.0.0.201904181610/tools/bin/../lib/gcc/arm-none-eabi/7.3.1/thumb/v7e-m/fpv4-sp/hard\libgcc.a(_arm_fixdfsi.o)
 .ARM.attributes
                0x0000000000000c09       0x22 c:/st/stm32cubeide_1.0.2/stm32cubeide/plugins/com.st.stm32cube.ide.mcu.externaltools.gnu-tools-for-stm32.7-2018-q2-update.win32_1.0.0.201904181610/tools/bin/../lib/gcc/arm-none-eabi/7.3.1/thumb/v7e-m/fpv4-sp/hard\libgcc.a(_arm_fixunsdfsi.o)
 .ARM.attributes
                0x0000000000000c2b       0x22 c:/st/stm32cubeide_1.0.2/stm32cubeide/plugins/com.st.stm32cube.ide.mcu.externaltools.gnu-tools-for-stm32.7-2018-q2-update.win32_1.0.0.201904181610/tools/bin/../lib/gcc/arm-none-eabi/7.3.1/thumb/v7e-m/fpv4-sp/hard\libgcc.a(_aeabi_uldivmod.o)
 .ARM.attributes
                0x0000000000000c4d       0x34 c:/st/stm32cubeide_1.0.2/stm32cubeide/plugins/com.st.stm32cube.ide.mcu.externaltools.gnu-tools-for-stm32.7-2018-q2-update.win32_1.0.0.201904181610/tools/bin/../lib/gcc/arm-none-eabi/7.3.1/thumb/v7e-m/fpv4-sp/hard\libgcc.a(_udivmoddi4.o)
 .ARM.attributes
                0x0000000000000c81       0x22 c:/st/stm32cubeide_1.0.2/stm32cubeide/plugins/com.st.stm32cube.ide.mcu.externaltools.gnu-tools-for-stm32.7-2018-q2-update.win32_1.0.0.201904181610/tools/bin/../lib/gcc/arm-none-eabi/7.3.1/thumb/v7e-m/fpv4-sp/hard\libgcc.a(_dvmd_tls.o)
 .ARM.attributes
                0x0000000000000ca3       0x22 c:/st/stm32cubeide_1.0.2/stm32cubeide/plugins/com.st.stm32cube.ide.mcu.externaltools.gnu-tools-for-stm32.7-2018-q2-update.win32_1.0.0.201904181610/tools/bin/../lib/gcc/arm-none-eabi/7.3.1/thumb/v7e-m/fpv4-sp/hard/crtn.o
OUTPUT(note-stm32l4.elf elf32-littlearm)

.debug_info     0x0000000000000000    0x1960e
 .debug_info    0x0000000000000000      0xa91 Drivers/STM32L4xx_HAL_Driver/Src/stm32l4xx_hal.o
 .debug_info    0x0000000000000a91      0xebe Drivers/STM32L4xx_HAL_Driver/Src/stm32l4xx_hal_cortex.o
 .debug_info    0x000000000000194f      0x8c1 Drivers/STM32L4xx_HAL_Driver/Src/stm32l4xx_hal_dma.o
 .debug_info    0x0000000000002210      0x982 Drivers/STM32L4xx_HAL_Driver/Src/stm32l4xx_hal_gpio.o
 .debug_info    0x0000000000002b92     0x205c Drivers/STM32L4xx_HAL_Driver/Src/stm32l4xx_hal_i2c.o
 .debug_info    0x0000000000004bee      0xb4e Drivers/STM32L4xx_HAL_Driver/Src/stm32l4xx_hal_i2c_ex.o
 .debug_info    0x000000000000573c     0x1057 Drivers/STM32L4xx_HAL_Driver/Src/stm32l4xx_hal_lptim.o
 .debug_info    0x0000000000006793      0xa6d Drivers/STM32L4xx_HAL_Driver/Src/stm32l4xx_hal_pwr.o
 .debug_info    0x0000000000007200      0xa80 Drivers/STM32L4xx_HAL_Driver/Src/stm32l4xx_hal_pwr_ex.o
 .debug_info    0x0000000000007c80      0xcad Drivers/STM32L4xx_HAL_Driver/Src/stm32l4xx_hal_rcc.o
 .debug_info    0x000000000000892d      0xfce Drivers/STM32L4xx_HAL_Driver/Src/stm32l4xx_hal_rcc_ex.o
 .debug_info    0x00000000000098fb     0x1783 Drivers/STM32L4xx_HAL_Driver/Src/stm32l4xx_hal_uart.o
 .debug_info    0x000000000000b07e      0xa06 Drivers/STM32L4xx_HAL_Driver/Src/stm32l4xx_hal_uart_ex.o
 .debug_info    0x000000000000ba84     0x123e Src/event.o
 .debug_info    0x000000000000ccc2      0x3b1 Src/example.o
 .debug_info    0x000000000000d073     0x2206 Src/main.o
 .debug_info    0x000000000000f279     0x1339 Src/stm32l4xx_hal_msp.o
 .debug_info    0x00000000000105b2      0xf0a Src/stm32l4xx_it.o
 .debug_info    0x00000000000114bc      0x91c Src/sysmem.o
 .debug_info    0x0000000000011dd8      0x703 Src/system_stm32l4xx.o
 .debug_info    0x00000000000124db       0x22 Startup/startup_stm32l432kcux.o
 .debug_info    0x00000000000124fd      0x9fc note-c/n_atof.o
 .debug_info    0x0000000000012ef9     0x2aa1 note-c/n_cjson.o
 .debug_info    0x000000000001599a      0xcbc note-c/n_cjson_helpers.o
 .debug_info    0x0000000000016656      0x99f note-c/n_ftoa.o
 .debug_info    0x0000000000016ff5     0x1089 note-c/n_hooks.o
 .debug_info    0x000000000001807e      0xb8b note-c/n_request.o
 .debug_info    0x0000000000018c09      0xa05 note-c/n_serial.o

.debug_abbrev   0x0000000000000000     0x3668
 .debug_abbrev  0x0000000000000000      0x1e1 Drivers/STM32L4xx_HAL_Driver/Src/stm32l4xx_hal.o
 .debug_abbrev  0x00000000000001e1      0x2fa Drivers/STM32L4xx_HAL_Driver/Src/stm32l4xx_hal_cortex.o
 .debug_abbrev  0x00000000000004db      0x1d9 Drivers/STM32L4xx_HAL_Driver/Src/stm32l4xx_hal_dma.o
 .debug_abbrev  0x00000000000006b4      0x1c0 Drivers/STM32L4xx_HAL_Driver/Src/stm32l4xx_hal_gpio.o
 .debug_abbrev  0x0000000000000874      0x22a Drivers/STM32L4xx_HAL_Driver/Src/stm32l4xx_hal_i2c.o
 .debug_abbrev  0x0000000000000a9e      0x1b9 Drivers/STM32L4xx_HAL_Driver/Src/stm32l4xx_hal_i2c_ex.o
 .debug_abbrev  0x0000000000000c57      0x1de Drivers/STM32L4xx_HAL_Driver/Src/stm32l4xx_hal_lptim.o
 .debug_abbrev  0x0000000000000e35      0x18b Drivers/STM32L4xx_HAL_Driver/Src/stm32l4xx_hal_pwr.o
 .debug_abbrev  0x0000000000000fc0      0x1cb Drivers/STM32L4xx_HAL_Driver/Src/stm32l4xx_hal_pwr_ex.o
 .debug_abbrev  0x000000000000118b      0x245 Drivers/STM32L4xx_HAL_Driver/Src/stm32l4xx_hal_rcc.o
 .debug_abbrev  0x00000000000013d0      0x238 Drivers/STM32L4xx_HAL_Driver/Src/stm32l4xx_hal_rcc_ex.o
 .debug_abbrev  0x0000000000001608      0x205 Drivers/STM32L4xx_HAL_Driver/Src/stm32l4xx_hal_uart.o
 .debug_abbrev  0x000000000000180d      0x1e2 Drivers/STM32L4xx_HAL_Driver/Src/stm32l4xx_hal_uart_ex.o
 .debug_abbrev  0x00000000000019ef      0x285 Src/event.o
 .debug_abbrev  0x0000000000001c74      0x130 Src/example.o
 .debug_abbrev  0x0000000000001da4      0x301 Src/main.o
 .debug_abbrev  0x00000000000020a5      0x1a0 Src/stm32l4xx_hal_msp.o
 .debug_abbrev  0x0000000000002245      0x19e Src/stm32l4xx_it.o
 .debug_abbrev  0x00000000000023e3      0x1bb Src/sysmem.o
 .debug_abbrev  0x000000000000259e      0x150 Src/system_stm32l4xx.o
 .debug_abbrev  0x00000000000026ee       0x12 Startup/startup_stm32l432kcux.o
 .debug_abbrev  0x0000000000002700      0x1c0 note-c/n_atof.o
 .debug_abbrev  0x00000000000028c0      0x3c9 note-c/n_cjson.o
 .debug_abbrev  0x0000000000002c89      0x1f9 note-c/n_cjson_helpers.o
 .debug_abbrev  0x0000000000002e82      0x1aa note-c/n_ftoa.o
 .debug_abbrev  0x000000000000302c      0x272 note-c/n_hooks.o
 .debug_abbrev  0x000000000000329e      0x224 note-c/n_request.o
 .debug_abbrev  0x00000000000034c2      0x1a6 note-c/n_serial.o

.debug_aranges  0x0000000000000000     0x1538
 .debug_aranges
                0x0000000000000000      0x108 Drivers/STM32L4xx_HAL_Driver/Src/stm32l4xx_hal.o
 .debug_aranges
                0x0000000000000108      0x118 Drivers/STM32L4xx_HAL_Driver/Src/stm32l4xx_hal_cortex.o
 .debug_aranges
                0x0000000000000220       0x80 Drivers/STM32L4xx_HAL_Driver/Src/stm32l4xx_hal_dma.o
 .debug_aranges
                0x00000000000002a0       0x58 Drivers/STM32L4xx_HAL_Driver/Src/stm32l4xx_hal_gpio.o
 .debug_aranges
                0x00000000000002f8      0x288 Drivers/STM32L4xx_HAL_Driver/Src/stm32l4xx_hal_i2c.o
 .debug_aranges
                0x0000000000000580       0x48 Drivers/STM32L4xx_HAL_Driver/Src/stm32l4xx_hal_i2c_ex.o
 .debug_aranges
                0x00000000000005c8      0x160 Drivers/STM32L4xx_HAL_Driver/Src/stm32l4xx_hal_lptim.o
 .debug_aranges
                0x0000000000000728       0x98 Drivers/STM32L4xx_HAL_Driver/Src/stm32l4xx_hal_pwr.o
 .debug_aranges