stm32l4xx_ll_pwr.h:433:22:LL_PWR_SetPowerMode	16	static
stm32l4xx_ll_cortex.h:326:22:LL_LPM_EnableSleep	4	static
stm32l4xx_ll_cortex.h:337:22:LL_LPM_EnableDeepSleep	4	static
stm32l4xx_ll_cortex.h:361:22:LL_LPM_DisableSleepOnExit	4	static
stm32l4xx_ll_cortex.h:373:22:LL_LPM_EnableEventOnPend	4	static
stm32l4xx_ll_rcc.h:2788:22:LL_RCC_SetClkAfterWakeFromStop	16	static
event.c:38:6:eventWait	16	static
event.c:66:6:eventPollTimer	8	static
event.c:75:6:event	16	static
event.c:80:10:eventOccurred	4	static
event.c:85:6:eventClear	16	static
event.c:90:6:eventSleep	24	static,ignoring_inline_asm
