main.c:53:5:main	8	static
main.c:81:6:SystemClock_Config	184	static
main.c:138:6:MX_I2C1_Init	8	static
main.c:169:6:MX_I2C1_DeInit	8	static
main.c:185:6:MX_USART1_UART_Init	8	static
main.c:218:6:MY_UART_IRQHandler	16	static
main.c:243:6:MX_USART1_UART_DeInit	8	static
main.c:257:6:MX_LPTIM1_Init	8	static
main.c:290:6:MX_LPTIM1_DeInit	8	static
main.c:298:6:HAL_LPTIM_CompareMatchCallback	16	static
main.c:311:10:MY_TimerMs	4	static
main.c:317:6:MX_GPIO_Init	48	static
main.c:367:6:HAL_GPIO_EXTI_Callback	16	static
main.c:378:6:Error_Handler	4	static
main.c:388:6:delay	16	static
main.c:393:19:millis	8	static
main.c:399:6:MY_Debug	4	static
main.c:404:6:MY_Sleep_DeInit	8	static
main.c:417:6:noteSerialReset	8	static
main.c:423:6:noteSerialTransmit	24	static
main.c:428:6:noteSerialAvailable	4	static
main.c:433:6:noteSerialReceive	16	static
main.c:446:6:noteI2CReset	8	static
main.c:454:13:noteI2CTransmit	40	static
main.c:473:13:noteI2CReceive	64	static
